20:12:02 **** Incremental Build of configuration Debug for project AllInOneLogger_V1 ****
make all 
make: Nothing to be done for `all'.
20:13:37 **** Incremental Build of configuration Debug for project AllInOneLogger_V1 ****
make all 
make: Nothing to be done for `all'.
20:13:49 **** Incremental Build of configuration Debug for project AllInOneLogger_V1 ****
make all 
'Building file: ../Src/main.c'
'Invoking: MCU GCC Compiler'
C:\Users\Tom\workspace\AllInOneLogger_V1\Debug
arm-none-eabi-gcc -mcpu=cortex-m3 -mthumb -mfloat-abi=soft -D__weak="__attribute__((weak))" -D__packed="__attribute__((__packed__))" -DUSE_HAL_DRIVER -DSTM32F103xB -I"C:/Users/Tom/workspace/AllInOneLogger_V1/Inc" -I"C:/Users/Tom/workspace/AllInOneLogger_V1/Drivers/STM32F1xx_HAL_Driver/Inc" -I"C:/Users/Tom/workspace/AllInOneLogger_V1/Drivers/STM32F1xx_HAL_Driver/Inc/Legacy" -I"C:/Users/Tom/workspace/AllInOneLogger_V1/Drivers/CMSIS/Include" -I"C:/Users/Tom/workspace/AllInOneLogger_V1/Drivers/CMSIS/Device/ST/STM32F1xx/Include"  -Os -g3 -Wall -fmessage-length=0 -ffunction-sections -c -fmessage-length=0 -MMD -MP -MF"Src/main.d" -MT"Src/main.o" -o "Src/main.o" "../Src/main.c"
../Src/main.c: In function 'main':
../Src/main.c:114:4: error: too many arguments to function 'HAL_DeInit'
    HAL_DeInit(1000);
    ^
In file included from ../Src/main.c:34:0:
C:/Users/Tom/workspace/AllInOneLogger_V1/Drivers/STM32F1xx_HAL_Driver/Inc/stm32f1xx_hal.h:276:19: note: declared here
 HAL_StatusTypeDef HAL_DeInit(void);
                   ^
make: *** [Src/main.o] Error 1
20:14:11 **** Incremental Build of configuration Debug for project AllInOneLogger_V1 ****
make all 
'Building file: ../Src/main.c'
'Invoking: MCU GCC Compiler'
C:\Users\Tom\workspace\AllInOneLogger_V1\Debug
arm-none-eabi-gcc -mcpu=cortex-m3 -mthumb -mfloat-abi=soft -D__weak="__attribute__((weak))" -D__packed="__attribute__((__packed__))" -DUSE_HAL_DRIVER -DSTM32F103xB -I"C:/Users/Tom/workspace/AllInOneLogger_V1/Inc" -I"C:/Users/Tom/workspace/AllInOneLogger_V1/Drivers/STM32F1xx_HAL_Driver/Inc" -I"C:/Users/Tom/workspace/AllInOneLogger_V1/Drivers/STM32F1xx_HAL_Driver/Inc/Legacy" -I"C:/Users/Tom/workspace/AllInOneLogger_V1/Drivers/CMSIS/Include" -I"C:/Users/Tom/workspace/AllInOneLogger_V1/Drivers/CMSIS/Device/ST/STM32F1xx/Include"  -Os -g3 -Wall -fmessage-length=0 -ffunction-sections -c -fmessage-length=0 -MMD -MP -MF"Src/main.d" -MT"Src/main.o" -o "Src/main.o" "../Src/main.c"
../Src/main.c: In function 'main':
../Src/main.c:114:4: error: too many arguments to function 'HAL_DeInit'
    HAL_DeInit(1000);
    ^
In file included from ../Src/main.c:34:0:
C:/Users/Tom/workspace/AllInOneLogger_V1/Drivers/STM32F1xx_HAL_Driver/Inc/stm32f1xx_hal.h:276:19: note: declared here
 HAL_StatusTypeDef HAL_DeInit(void);
                   ^
make: *** [Src/main.o] Error 1
20:14:26 **** Incremental Build of configuration Debug for project AllInOneLogger_V1 ****
make all 
'Building file: ../Src/main.c'
'Invoking: MCU GCC Compiler'
C:\Users\Tom\workspace\AllInOneLogger_V1\Debug
arm-none-eabi-gcc -mcpu=cortex-m3 -mthumb -mfloat-abi=soft -D__weak="__attribute__((weak))" -D__packed="__attribute__((__packed__))" -DUSE_HAL_DRIVER -DSTM32F103xB -I"C:/Users/Tom/workspace/AllInOneLogger_V1/Inc" -I"C:/Users/Tom/workspace/AllInOneLogger_V1/Drivers/STM32F1xx_HAL_Driver/Inc" -I"C:/Users/Tom/workspace/AllInOneLogger_V1/Drivers/STM32F1xx_HAL_Driver/Inc/Legacy" -I"C:/Users/Tom/workspace/AllInOneLogger_V1/Drivers/CMSIS/Include" -I"C:/Users/Tom/workspace/AllInOneLogger_V1/Drivers/CMSIS/Device/ST/STM32F1xx/Include"  -Os -g3 -Wall -fmessage-length=0 -ffunction-sections -c -fmessage-length=0 -MMD -MP -MF"Src/main.d" -MT"Src/main.o" -o "Src/main.o" "../Src/main.c"
../Src/main.c: In function 'main':
../Src/main.c:114:4: error: too many arguments to function 'HAL_DeInit'
    HAL_DeInit(1000);
    ^
In file included from ../Src/main.c:34:0:
C:/Users/Tom/workspace/AllInOneLogger_V1/Drivers/STM32F1xx_HAL_Driver/Inc/stm32f1xx_hal.h:276:19: note: declared here
 HAL_StatusTypeDef HAL_DeInit(void);
                   ^
make: *** [Src/main.o] Error 1
20:14:30 **** Incremental Build of configuration Debug for project AllInOneLogger_V1 ****
make all 
'Building file: ../Src/main.c'
'Invoking: MCU GCC Compiler'
C:\Users\Tom\workspace\AllInOneLogger_V1\Debug
arm-none-eabi-gcc -mcpu=cortex-m3 -mthumb -mfloat-abi=soft -D__weak="__attribute__((weak))" -D__packed="__attribute__((__packed__))" -DUSE_HAL_DRIVER -DSTM32F103xB -I"C:/Users/Tom/workspace/AllInOneLogger_V1/Inc" -I"C:/Users/Tom/workspace/AllInOneLogger_V1/Drivers/STM32F1xx_HAL_Driver/Inc" -I"C:/Users/Tom/workspace/AllInOneLogger_V1/Drivers/STM32F1xx_HAL_Driver/Inc/Legacy" -I"C:/Users/Tom/workspace/AllInOneLogger_V1/Drivers/CMSIS/Include" -I"C:/Users/Tom/workspace/AllInOneLogger_V1/Drivers/CMSIS/Device/ST/STM32F1xx/Include"  -Os -g3 -Wall -fmessage-length=0 -ffunction-sections -c -fmessage-length=0 -MMD -MP -MF"Src/main.d" -MT"Src/main.o" -o "Src/main.o" "../Src/main.c"
'Finished building: ../Src/main.c'
' '
'Building target: AllInOneLogger_V1.elf'
'Invoking: MCU GCC Linker'
arm-none-eabi-gcc -mcpu=cortex-m3 -mthumb -mfloat-abi=soft -specs=nosys.specs -specs=nano.specs -T"../STM32F103C8Tx_FLASH.ld" -Wl,-Map=output.map -Wl,--gc-sections -lm -o "AllInOneLogger_V1.elf" @"objects.list"  
'Finished building target: AllInOneLogger_V1.elf'
' '
make --no-print-directory post-build
'Generating binary and Printing size information:'
arm-none-eabi-objcopy -O binary "AllInOneLogger_V1.elf" "AllInOneLogger_V1.bin"
arm-none-eabi-size "AllInOneLogger_V1.elf"
   text	   data	    bss	    dec	    hex	filename
   7716	     12	   1980	   9708	   25ec	AllInOneLogger_V1.elf
' '
20:15:27 **** Incremental Build of configuration Debug for project AllInOneLogger_V1 ****
make all 
'Building file: ../Src/main.c'
'Invoking: MCU GCC Compiler'
C:\Users\Tom\workspace\AllInOneLogger_V1\Debug
arm-none-eabi-gcc -mcpu=cortex-m3 -mthumb -mfloat-abi=soft -D__weak="__attribute__((weak))" -D__packed="__attribute__((__packed__))" -DUSE_HAL_DRIVER -DSTM32F103xB -I"C:/Users/Tom/workspace/AllInOneLogger_V1/Inc" -I"C:/Users/Tom/workspace/AllInOneLogger_V1/Drivers/STM32F1xx_HAL_Driver/Inc" -I"C:/Users/Tom/workspace/AllInOneLogger_V1/Drivers/STM32F1xx_HAL_Driver/Inc/Legacy" -I"C:/Users/Tom/workspace/AllInOneLogger_V1/Drivers/CMSIS/Include" -I"C:/Users/Tom/workspace/AllInOneLogger_V1/Drivers/CMSIS/Device/ST/STM32F1xx/Include"  -Os -g3 -Wall -fmessage-length=0 -ffunction-sections -c -fmessage-length=0 -MMD -MP -MF"Src/main.d" -MT"Src/main.o" -o "Src/main.o" "../Src/main.c"
'Finished building: ../Src/main.c'
' '
'Building target: AllInOneLogger_V1.elf'
'Invoking: MCU GCC Linker'
arm-none-eabi-gcc -mcpu=cortex-m3 -mthumb -mfloat-abi=soft -specs=nosys.specs -specs=nano.specs -T"../STM32F103C8Tx_FLASH.ld" -Wl,-Map=output.map -Wl,--gc-sections -lm -o "AllInOneLogger_V1.elf" @"objects.list"  
'Finished building target: AllInOneLogger_V1.elf'
' '
make --no-print-directory post-build
'Generating binary and Printing size information:'
arm-none-eabi-objcopy -O binary "AllInOneLogger_V1.elf" "AllInOneLogger_V1.bin"
arm-none-eabi-size "AllInOneLogger_V1.elf"
   text	   data	    bss	    dec	    hex	filename
   7716	     12	   1980	   9708	   25ec	AllInOneLogger_V1.elf
' '
20:15:59 **** Incremental Build of configuration Debug for project AllInOneLogger_V1 ****
make all 
make: Nothing to be done for `all'.
20:17:14 **** Incremental Build of configuration Debug for project AllInOneLogger_V1 ****
make all 
make: Nothing to be done for `all'.
20:20:46 **** Incremental Build of configuration Debug for project AllInOneLogger_V1 ****
make all 
make: Nothing to be done for `all'.
20:21:58 **** Incremental Build of configuration Debug for project AllInOneLogger_V1 ****
make all 
make: Nothing to be done for `all'.
20:25:07 **** Incremental Build of configuration Debug for project AllInOneLogger_V1 ****
make all 
'Building file: ../Src/main.c'
'Invoking: MCU GCC Compiler'
C:\Users\Tom\workspace\AllInOneLogger_V1\Debug
arm-none-eabi-gcc -mcpu=cortex-m3 -mthumb -mfloat-abi=soft -D__weak="__attribute__((weak))" -D__packed="__attribute__((__packed__))" -DUSE_HAL_DRIVER -DSTM32F103xB -I"C:/Users/Tom/workspace/AllInOneLogger_V1/Inc" -I"C:/Users/Tom/workspace/AllInOneLogger_V1/Drivers/STM32F1xx_HAL_Driver/Inc" -I"C:/Users/Tom/workspace/AllInOneLogger_V1/Drivers/STM32F1xx_HAL_Driver/Inc/Legacy" -I"C:/Users/Tom/workspace/AllInOneLogger_V1/Drivers/CMSIS/Include" -I"C:/Users/Tom/workspace/AllInOneLogger_V1/Drivers/CMSIS/Device/ST/STM32F1xx/Include"  -Os -g3 -Wall -fmessage-length=0 -ffunction-sections -c -fmessage-length=0 -MMD -MP -MF"Src/main.d" -MT"Src/main.o" -o "Src/main.o" "../Src/main.c"
../Src/main.c: In function 'update_display_sensordata':
../Src/main.c:63:30: error: expected expression before '=' token
 #define CO2SensorStartupTime = 3*60*1000 //3min startuptime for CO2 sensor
                              ^
../Src/main.c:577:45: note: in expansion of macro 'CO2SensorStartupTime'
     if(CO2Ready == false && HAL_GetTick() > CO2SensorStartupTime ) { //check if CO2 sensor is ready
                                             ^
make: *** [Src/main.o] Error 1
20:25:44 **** Incremental Build of configuration Debug for project AllInOneLogger_V1 ****
make all 
'Building file: ../Src/main.c'
'Invoking: MCU GCC Compiler'
C:\Users\Tom\workspace\AllInOneLogger_V1\Debug
arm-none-eabi-gcc -mcpu=cortex-m3 -mthumb -mfloat-abi=soft -D__weak="__attribute__((weak))" -D__packed="__attribute__((__packed__))" -DUSE_HAL_DRIVER -DSTM32F103xB -I"C:/Users/Tom/workspace/AllInOneLogger_V1/Inc" -I"C:/Users/Tom/workspace/AllInOneLogger_V1/Drivers/STM32F1xx_HAL_Driver/Inc" -I"C:/Users/Tom/workspace/AllInOneLogger_V1/Drivers/STM32F1xx_HAL_Driver/Inc/Legacy" -I"C:/Users/Tom/workspace/AllInOneLogger_V1/Drivers/CMSIS/Include" -I"C:/Users/Tom/workspace/AllInOneLogger_V1/Drivers/CMSIS/Device/ST/STM32F1xx/Include"  -Os -g3 -Wall -fmessage-length=0 -ffunction-sections -c -fmessage-length=0 -MMD -MP -MF"Src/main.d" -MT"Src/main.o" -o "Src/main.o" "../Src/main.c"
../Src/main.c: In function 'update_display_sensordata':
../Src/main.c:63:30: error: expected expression before '=' token
 #define CO2SensorStartupTime = 3*60*1000 //3min startuptime for CO2 sensor
                              ^
../Src/main.c:577:45: note: in expansion of macro 'CO2SensorStartupTime'
     if(CO2Ready == false && HAL_GetTick() > CO2SensorStartupTime ) { //check if CO2 sensor is ready
                                             ^
make: *** [Src/main.o] Error 1
20:25:49 **** Incremental Build of configuration Debug for project AllInOneLogger_V1 ****
make all 
'Building file: ../Src/main.c'
'Invoking: MCU GCC Compiler'
C:\Users\Tom\workspace\AllInOneLogger_V1\Debug
arm-none-eabi-gcc -mcpu=cortex-m3 -mthumb -mfloat-abi=soft -D__weak="__attribute__((weak))" -D__packed="__attribute__((__packed__))" -DUSE_HAL_DRIVER -DSTM32F103xB -I"C:/Users/Tom/workspace/AllInOneLogger_V1/Inc" -I"C:/Users/Tom/workspace/AllInOneLogger_V1/Drivers/STM32F1xx_HAL_Driver/Inc" -I"C:/Users/Tom/workspace/AllInOneLogger_V1/Drivers/STM32F1xx_HAL_Driver/Inc/Legacy" -I"C:/Users/Tom/workspace/AllInOneLogger_V1/Drivers/CMSIS/Include" -I"C:/Users/Tom/workspace/AllInOneLogger_V1/Drivers/CMSIS/Device/ST/STM32F1xx/Include"  -Os -g3 -Wall -fmessage-length=0 -ffunction-sections -c -fmessage-length=0 -MMD -MP -MF"Src/main.d" -MT"Src/main.o" -o "Src/main.o" "../Src/main.c"
../Src/main.c: In function 'update_display_sensordata':
../Src/main.c:63:30: error: expected expression before '=' token
 #define CO2SensorStartupTime = 3*60*1000 //3min startuptime for CO2 sensor
                              ^
../Src/main.c:577:48: note: in expansion of macro 'CO2SensorStartupTime'
     if((CO2Ready == false) && (HAL_GetTick() > CO2SensorStartupTime )) { //check if CO2 sensor is ready
                                                ^
make: *** [Src/main.o] Error 1
20:26:34 **** Incremental Build of configuration Debug for project AllInOneLogger_V1 ****
make all 
'Building file: ../Src/main.c'
'Invoking: MCU GCC Compiler'
C:\Users\Tom\workspace\AllInOneLogger_V1\Debug
arm-none-eabi-gcc -mcpu=cortex-m3 -mthumb -mfloat-abi=soft -D__weak="__attribute__((weak))" -D__packed="__attribute__((__packed__))" -DUSE_HAL_DRIVER -DSTM32F103xB -I"C:/Users/Tom/workspace/AllInOneLogger_V1/Inc" -I"C:/Users/Tom/workspace/AllInOneLogger_V1/Drivers/STM32F1xx_HAL_Driver/Inc" -I"C:/Users/Tom/workspace/AllInOneLogger_V1/Drivers/STM32F1xx_HAL_Driver/Inc/Legacy" -I"C:/Users/Tom/workspace/AllInOneLogger_V1/Drivers/CMSIS/Include" -I"C:/Users/Tom/workspace/AllInOneLogger_V1/Drivers/CMSIS/Device/ST/STM32F1xx/Include"  -Os -g3 -Wall -fmessage-length=0 -ffunction-sections -c -fmessage-length=0 -MMD -MP -MF"Src/main.d" -MT"Src/main.o" -o "Src/main.o" "../Src/main.c"
../Src/main.c: In function 'update_display_sensordata':
../Src/main.c:63:30: error: expected expression before '=' token
 #define CO2SensorStartupTime = 3*60*1000 //3min startuptime for CO2 sensor
                              ^
../Src/main.c:577:48: note: in expansion of macro 'CO2SensorStartupTime'
     if((CO2Ready == false) && (HAL_GetTick() > CO2SensorStartupTime )) { //check if CO2 sensor is ready
                                                ^
make: *** [Src/main.o] Error 1
20:26:59 **** Incremental Build of configuration Debug for project AllInOneLogger_V1 ****
make all 
'Building file: ../Src/main.c'
'Invoking: MCU GCC Compiler'
C:\Users\Tom\workspace\AllInOneLogger_V1\Debug
arm-none-eabi-gcc -mcpu=cortex-m3 -mthumb -mfloat-abi=soft -D__weak="__attribute__((weak))" -D__packed="__attribute__((__packed__))" -DUSE_HAL_DRIVER -DSTM32F103xB -I"C:/Users/Tom/workspace/AllInOneLogger_V1/Inc" -I"C:/Users/Tom/workspace/AllInOneLogger_V1/Drivers/STM32F1xx_HAL_Driver/Inc" -I"C:/Users/Tom/workspace/AllInOneLogger_V1/Drivers/STM32F1xx_HAL_Driver/Inc/Legacy" -I"C:/Users/Tom/workspace/AllInOneLogger_V1/Drivers/CMSIS/Include" -I"C:/Users/Tom/workspace/AllInOneLogger_V1/Drivers/CMSIS/Device/ST/STM32F1xx/Include"  -Os -g3 -Wall -fmessage-length=0 -ffunction-sections -c -fmessage-length=0 -MMD -MP -MF"Src/main.d" -MT"Src/main.o" -o "Src/main.o" "../Src/main.c"
../Src/main.c: In function 'update_display_sensordata':
../Src/main.c:63:30: error: expected expression before '=' token
 #define CO2SensorStartupTime = 3*60*1000 //3min startuptime for CO2 sensor
                              ^
../Src/main.c:577:48: note: in expansion of macro 'CO2SensorStartupTime'
     if((CO2Ready == false) && (HAL_GetTick() > CO2SensorStartupTime )) { //check if CO2 sensor is ready
                                                ^
make: *** [Src/main.o] Error 1
20:27:21 **** Incremental Build of configuration Debug for project AllInOneLogger_V1 ****
make all 
'Building file: ../Src/main.c'
'Invoking: MCU GCC Compiler'
C:\Users\Tom\workspace\AllInOneLogger_V1\Debug
arm-none-eabi-gcc -mcpu=cortex-m3 -mthumb -mfloat-abi=soft -D__weak="__attribute__((weak))" -D__packed="__attribute__((__packed__))" -DUSE_HAL_DRIVER -DSTM32F103xB -I"C:/Users/Tom/workspace/AllInOneLogger_V1/Inc" -I"C:/Users/Tom/workspace/AllInOneLogger_V1/Drivers/STM32F1xx_HAL_Driver/Inc" -I"C:/Users/Tom/workspace/AllInOneLogger_V1/Drivers/STM32F1xx_HAL_Driver/Inc/Legacy" -I"C:/Users/Tom/workspace/AllInOneLogger_V1/Drivers/CMSIS/Include" -I"C:/Users/Tom/workspace/AllInOneLogger_V1/Drivers/CMSIS/Device/ST/STM32F1xx/Include"  -Os -g3 -Wall -fmessage-length=0 -ffunction-sections -c -fmessage-length=0 -MMD -MP -MF"Src/main.d" -MT"Src/main.o" -o "Src/main.o" "../Src/main.c"
../Src/main.c: In function 'update_display_sensordata':
../Src/main.c:63:30: error: expected expression before '=' token
 #define CO2SensorStartupTime = 3*60*1000 //3min startuptime for CO2 sensor
                              ^
../Src/main.c:577:48: note: in expansion of macro 'CO2SensorStartupTime'
     if((CO2Ready == false) && (HAL_GetTick() > CO2SensorStartupTime )) { //check if CO2 sensor is ready
                                                ^
make: *** [Src/main.o] Error 1
20:27:43 **** Incremental Build of configuration Debug for project AllInOneLogger_V1 ****
make all 
'Building file: ../Src/main.c'
'Invoking: MCU GCC Compiler'
C:\Users\Tom\workspace\AllInOneLogger_V1\Debug
arm-none-eabi-gcc -mcpu=cortex-m3 -mthumb -mfloat-abi=soft -D__weak="__attribute__((weak))" -D__packed="__attribute__((__packed__))" -DUSE_HAL_DRIVER -DSTM32F103xB -I"C:/Users/Tom/workspace/AllInOneLogger_V1/Inc" -I"C:/Users/Tom/workspace/AllInOneLogger_V1/Drivers/STM32F1xx_HAL_Driver/Inc" -I"C:/Users/Tom/workspace/AllInOneLogger_V1/Drivers/STM32F1xx_HAL_Driver/Inc/Legacy" -I"C:/Users/Tom/workspace/AllInOneLogger_V1/Drivers/CMSIS/Include" -I"C:/Users/Tom/workspace/AllInOneLogger_V1/Drivers/CMSIS/Device/ST/STM32F1xx/Include"  -Os -g3 -Wall -fmessage-length=0 -ffunction-sections -c -fmessage-length=0 -MMD -MP -MF"Src/main.d" -MT"Src/main.o" -o "Src/main.o" "../Src/main.c"
../Src/main.c: In function 'update_display_sensordata':
../Src/main.c:63:30: error: expected expression before '=' token
 #define CO2SensorStartupTime = 3*60*1000 //3min startuptime for CO2 sensor
                              ^
../Src/main.c:577:48: note: in expansion of macro 'CO2SensorStartupTime'
     if((CO2Ready == false) && (HAL_GetTick() > CO2SensorStartupTime )) { //check if CO2 sensor is ready
                                                ^
make: *** [Src/main.o] Error 1
20:29:19 **** Incremental Build of configuration Debug for project AllInOneLogger_V1 ****
make all 
'Building file: ../Src/main.c'
'Invoking: MCU GCC Compiler'
C:\Users\Tom\workspace\AllInOneLogger_V1\Debug
arm-none-eabi-gcc -mcpu=cortex-m3 -mthumb -mfloat-abi=soft -D__weak="__attribute__((weak))" -D__packed="__attribute__((__packed__))" -DUSE_HAL_DRIVER -DSTM32F103xB -I"C:/Users/Tom/workspace/AllInOneLogger_V1/Inc" -I"C:/Users/Tom/workspace/AllInOneLogger_V1/Drivers/STM32F1xx_HAL_Driver/Inc" -I"C:/Users/Tom/workspace/AllInOneLogger_V1/Drivers/STM32F1xx_HAL_Driver/Inc/Legacy" -I"C:/Users/Tom/workspace/AllInOneLogger_V1/Drivers/CMSIS/Include" -I"C:/Users/Tom/workspace/AllInOneLogger_V1/Drivers/CMSIS/Device/ST/STM32F1xx/Include"  -Os -g3 -Wall -fmessage-length=0 -ffunction-sections -c -fmessage-length=0 -MMD -MP -MF"Src/main.d" -MT"Src/main.o" -o "Src/main.o" "../Src/main.c"
../Src/main.c: In function 'update_display_sensordata':
../Src/main.c:63:30: error: expected expression before '=' token
 #define CO2SensorStartupTime = 3*60*1000 //3min startuptime for CO2 sensor
                              ^
../Src/main.c:577:48: note: in expansion of macro 'CO2SensorStartupTime'
     if((CO2Ready == false) && (HAL_GetTick() > CO2SensorStartupTime )) { //check if CO2 sensor is ready
                                                ^
make: *** [Src/main.o] Error 1
20:29:58 **** Incremental Build of configuration Debug for project AllInOneLogger_V1 ****
make all 
'Building file: ../Src/main.c'
'Invoking: MCU GCC Compiler'
C:\Users\Tom\workspace\AllInOneLogger_V1\Debug
arm-none-eabi-gcc -mcpu=cortex-m3 -mthumb -mfloat-abi=soft -D__weak="__attribute__((weak))" -D__packed="__attribute__((__packed__))" -DUSE_HAL_DRIVER -DSTM32F103xB -I"C:/Users/Tom/workspace/AllInOneLogger_V1/Inc" -I"C:/Users/Tom/workspace/AllInOneLogger_V1/Drivers/STM32F1xx_HAL_Driver/Inc" -I"C:/Users/Tom/workspace/AllInOneLogger_V1/Drivers/STM32F1xx_HAL_Driver/Inc/Legacy" -I"C:/Users/Tom/workspace/AllInOneLogger_V1/Drivers/CMSIS/Include" -I"C:/Users/Tom/workspace/AllInOneLogger_V1/Drivers/CMSIS/Device/ST/STM32F1xx/Include"  -Os -g3 -Wall -fmessage-length=0 -ffunction-sections -c -fmessage-length=0 -MMD -MP -MF"Src/main.d" -MT"Src/main.o" -o "Src/main.o" "../Src/main.c"
'Finished building: ../Src/main.c'
' '
'Building target: AllInOneLogger_V1.elf'
'Invoking: MCU GCC Linker'
arm-none-eabi-gcc -mcpu=cortex-m3 -mthumb -mfloat-abi=soft -specs=nosys.specs -specs=nano.specs -T"../STM32F103C8Tx_FLASH.ld" -Wl,-Map=output.map -Wl,--gc-sections -lm -o "AllInOneLogger_V1.elf" @"objects.list"  
'Finished building target: AllInOneLogger_V1.elf'
' '
make --no-print-directory post-build
'Generating binary and Printing size information:'
arm-none-eabi-objcopy -O binary "AllInOneLogger_V1.elf" "AllInOneLogger_V1.bin"
arm-none-eabi-size "AllInOneLogger_V1.elf"
   text	   data	    bss	    dec	    hex	filename
  16176	    112	   2024	  18312	   4788	AllInOneLogger_V1.elf
' '
20:33:37 **** Incremental Build of configuration Debug for project AllInOneLogger_V1 ****
make all 
'Building file: ../Src/main.c'
'Invoking: MCU GCC Compiler'
C:\Users\Tom\workspace\AllInOneLogger_V1\Debug
arm-none-eabi-gcc -mcpu=cortex-m3 -mthumb -mfloat-abi=soft -D__weak="__attribute__((weak))" -D__packed="__attribute__((__packed__))" -DUSE_HAL_DRIVER -DSTM32F103xB -I"C:/Users/Tom/workspace/AllInOneLogger_V1/Inc" -I"C:/Users/Tom/workspace/AllInOneLogger_V1/Drivers/STM32F1xx_HAL_Driver/Inc" -I"C:/Users/Tom/workspace/AllInOneLogger_V1/Drivers/STM32F1xx_HAL_Driver/Inc/Legacy" -I"C:/Users/Tom/workspace/AllInOneLogger_V1/Drivers/CMSIS/Include" -I"C:/Users/Tom/workspace/AllInOneLogger_V1/Drivers/CMSIS/Device/ST/STM32F1xx/Include"  -Os -g3 -Wall -fmessage-length=0 -ffunction-sections -c -fmessage-length=0 -MMD -MP -MF"Src/main.d" -MT"Src/main.o" -o "Src/main.o" "../Src/main.c"
'Finished building: ../Src/main.c'
' '
'Building target: AllInOneLogger_V1.elf'
'Invoking: MCU GCC Linker'
arm-none-eabi-gcc -mcpu=cortex-m3 -mthumb -mfloat-abi=soft -specs=nosys.specs -specs=nano.specs -T"../STM32F103C8Tx_FLASH.ld" -Wl,-Map=output.map -Wl,--gc-sections -lm -o "AllInOneLogger_V1.elf" @"objects.list"  
'Finished building target: AllInOneLogger_V1.elf'
' '
make --no-print-directory post-build
'Generating binary and Printing size information:'
arm-none-eabi-objcopy -O binary "AllInOneLogger_V1.elf" "AllInOneLogger_V1.bin"
arm-none-eabi-size "AllInOneLogger_V1.elf"
   text	   data	    bss	    dec	    hex	filename
  16136	    112	   2024	  18272	   4760	AllInOneLogger_V1.elf
' '
20:40:17 **** Incremental Build of configuration Debug for project AllInOneLogger_V1 ****
make all 
'Building file: ../Src/main.c'
'Invoking: MCU GCC Compiler'
C:\Users\Tom\workspace\AllInOneLogger_V1\Debug
arm-none-eabi-gcc -mcpu=cortex-m3 -mthumb -mfloat-abi=soft -D__weak="__attribute__((weak))" -D__packed="__attribute__((__packed__))" -DUSE_HAL_DRIVER -DSTM32F103xB -I"C:/Users/Tom/workspace/AllInOneLogger_V1/Inc" -I"C:/Users/Tom/workspace/AllInOneLogger_V1/Drivers/STM32F1xx_HAL_Driver/Inc" -I"C:/Users/Tom/workspace/AllInOneLogger_V1/Drivers/STM32F1xx_HAL_Driver/Inc/Legacy" -I"C:/Users/Tom/workspace/AllInOneLogger_V1/Drivers/CMSIS/Include" -I"C:/Users/Tom/workspace/AllInOneLogger_V1/Drivers/CMSIS/Device/ST/STM32F1xx/Include"  -Os -g3 -Wall -fmessage-length=0 -ffunction-sections -c -fmessage-length=0 -MMD -MP -MF"Src/main.d" -MT"Src/main.o" -o "Src/main.o" "../Src/main.c"
'Finished building: ../Src/main.c'
' '
'Building target: AllInOneLogger_V1.elf'
'Invoking: MCU GCC Linker'
arm-none-eabi-gcc -mcpu=cortex-m3 -mthumb -mfloat-abi=soft -specs=nosys.specs -specs=nano.specs -T"../STM32F103C8Tx_FLASH.ld" -Wl,-Map=output.map -Wl,--gc-sections -lm -o "AllInOneLogger_V1.elf" @"objects.list"  
'Finished building target: AllInOneLogger_V1.elf'
' '
make --no-print-directory post-build
'Generating binary and Printing size information:'
arm-none-eabi-objcopy -O binary "AllInOneLogger_V1.elf" "AllInOneLogger_V1.bin"
arm-none-eabi-size "AllInOneLogger_V1.elf"
   text	   data	    bss	    dec	    hex	filename
  16136	    112	   2024	  18272	   4760	AllInOneLogger_V1.elf
' '
20:40:39 **** Incremental Build of configuration Debug for project AllInOneLogger_V1 ****
make all 
'Building file: ../Src/main.c'
'Invoking: MCU GCC Compiler'
C:\Users\Tom\workspace\AllInOneLogger_V1\Debug
arm-none-eabi-gcc -mcpu=cortex-m3 -mthumb -mfloat-abi=soft -D__weak="__attribute__((weak))" -D__packed="__attribute__((__packed__))" -DUSE_HAL_DRIVER -DSTM32F103xB -I"C:/Users/Tom/workspace/AllInOneLogger_V1/Inc" -I"C:/Users/Tom/workspace/AllInOneLogger_V1/Drivers/STM32F1xx_HAL_Driver/Inc" -I"C:/Users/Tom/workspace/AllInOneLogger_V1/Drivers/STM32F1xx_HAL_Driver/Inc/Legacy" -I"C:/Users/Tom/workspace/AllInOneLogger_V1/Drivers/CMSIS/Include" -I"C:/Users/Tom/workspace/AllInOneLogger_V1/Drivers/CMSIS/Device/ST/STM32F1xx/Include"  -Os -g3 -Wall -fmessage-length=0 -ffunction-sections -c -fmessage-length=0 -MMD -MP -MF"Src/main.d" -MT"Src/main.o" -o "Src/main.o" "../Src/main.c"
'Finished building: ../Src/main.c'
' '
'Building target: AllInOneLogger_V1.elf'
'Invoking: MCU GCC Linker'
arm-none-eabi-gcc -mcpu=cortex-m3 -mthumb -mfloat-abi=soft -specs=nosys.specs -specs=nano.specs -T"../STM32F103C8Tx_FLASH.ld" -Wl,-Map=output.map -Wl,--gc-sections -lm -o "AllInOneLogger_V1.elf" @"objects.list"  
'Finished building target: AllInOneLogger_V1.elf'
' '
make --no-print-directory post-build
'Generating binary and Printing size information:'
arm-none-eabi-objcopy -O binary "AllInOneLogger_V1.elf" "AllInOneLogger_V1.bin"
arm-none-eabi-size "AllInOneLogger_V1.elf"
   text	   data	    bss	    dec	    hex	filename
  16128	    112	   2024	  18264	   4758	AllInOneLogger_V1.elf
' '
20:44:45 **** Incremental Build of configuration Debug for project AllInOneLogger_V1 ****
make all 
'Building file: ../Src/main.c'
'Invoking: MCU GCC Compiler'
C:\Users\Tom\workspace\AllInOneLogger_V1\Debug
arm-none-eabi-gcc -mcpu=cortex-m3 -mthumb -mfloat-abi=soft -D__weak="__attribute__((weak))" -D__packed="__attribute__((__packed__))" -DUSE_HAL_DRIVER -DSTM32F103xB -I"C:/Users/Tom/workspace/AllInOneLogger_V1/Inc" -I"C:/Users/Tom/workspace/AllInOneLogger_V1/Drivers/STM32F1xx_HAL_Driver/Inc" -I"C:/Users/Tom/workspace/AllInOneLogger_V1/Drivers/STM32F1xx_HAL_Driver/Inc/Legacy" -I"C:/Users/Tom/workspace/AllInOneLogger_V1/Drivers/CMSIS/Include" -I"C:/Users/Tom/workspace/AllInOneLogger_V1/Drivers/CMSIS/Device/ST/STM32F1xx/Include"  -Os -g3 -Wall -fmessage-length=0 -ffunction-sections -c -fmessage-length=0 -MMD -MP -MF"Src/main.d" -MT"Src/main.o" -o "Src/main.o" "../Src/main.c"
'Finished building: ../Src/main.c'
' '
'Building file: ../Src/stm32f1xx_hal_msp.c'
'Invoking: MCU GCC Compiler'
C:\Users\Tom\workspace\AllInOneLogger_V1\Debug
arm-none-eabi-gcc -mcpu=cortex-m3 -mthumb -mfloat-abi=soft -D__weak="__attribute__((weak))" -D__packed="__attribute__((__packed__))" -DUSE_HAL_DRIVER -DSTM32F103xB -I"C:/Users/Tom/workspace/AllInOneLogger_V1/Inc" -I"C:/Users/Tom/workspace/AllInOneLogger_V1/Drivers/STM32F1xx_HAL_Driver/Inc" -I"C:/Users/Tom/workspace/AllInOneLogger_V1/Drivers/STM32F1xx_HAL_Driver/Inc/Legacy" -I"C:/Users/Tom/workspace/AllInOneLogger_V1/Drivers/CMSIS/Include" -I"C:/Users/Tom/workspace/AllInOneLogger_V1/Drivers/CMSIS/Device/ST/STM32F1xx/Include"  -Os -g3 -Wall -fmessage-length=0 -ffunction-sections -c -fmessage-length=0 -MMD -MP -MF"Src/stm32f1xx_hal_msp.d" -MT"Src/stm32f1xx_hal_msp.o" -o "Src/stm32f1xx_hal_msp.o" "../Src/stm32f1xx_hal_msp.c"
'Finished building: ../Src/stm32f1xx_hal_msp.c'
' '
'Building file: ../Src/stm32f1xx_it.c'
'Invoking: MCU GCC Compiler'
C:\Users\Tom\workspace\AllInOneLogger_V1\Debug
arm-none-eabi-gcc -mcpu=cortex-m3 -mthumb -mfloat-abi=soft -D__weak="__attribute__((weak))" -D__packed="__attribute__((__packed__))" -DUSE_HAL_DRIVER -DSTM32F103xB -I"C:/Users/Tom/workspace/AllInOneLogger_V1/Inc" -I"C:/Users/Tom/workspace/AllInOneLogger_V1/Drivers/STM32F1xx_HAL_Driver/Inc" -I"C:/Users/Tom/workspace/AllInOneLogger_V1/Drivers/STM32F1xx_HAL_Driver/Inc/Legacy" -I"C:/Users/Tom/workspace/AllInOneLogger_V1/Drivers/CMSIS/Include" -I"C:/Users/Tom/workspace/AllInOneLogger_V1/Drivers/CMSIS/Device/ST/STM32F1xx/Include"  -Os -g3 -Wall -fmessage-length=0 -ffunction-sections -c -fmessage-length=0 -MMD -MP -MF"Src/stm32f1xx_it.d" -MT"Src/stm32f1xx_it.o" -o "Src/stm32f1xx_it.o" "../Src/stm32f1xx_it.c"
'Finished building: ../Src/stm32f1xx_it.c'
' '
'Building file: ../Drivers/STM32F1xx_HAL_Driver/Src/stm32f1xx_hal.c'
'Invoking: MCU GCC Compiler'
C:\Users\Tom\workspace\AllInOneLogger_V1\Debug
arm-none-eabi-gcc -mcpu=cortex-m3 -mthumb -mfloat-abi=soft -D__weak="__attribute__((weak))" -D__packed="__attribute__((__packed__))" -DUSE_HAL_DRIVER -DSTM32F103xB -I"C:/Users/Tom/workspace/AllInOneLogger_V1/Inc" -I"C:/Users/Tom/workspace/AllInOneLogger_V1/Drivers/STM32F1xx_HAL_Driver/Inc" -I"C:/Users/Tom/workspace/AllInOneLogger_V1/Drivers/STM32F1xx_HAL_Driver/Inc/Legacy" -I"C:/Users/Tom/workspace/AllInOneLogger_V1/Drivers/CMSIS/Include" -I"C:/Users/Tom/workspace/AllInOneLogger_V1/Drivers/CMSIS/Device/ST/STM32F1xx/Include"  -Os -g3 -Wall -fmessage-length=0 -ffunction-sections -c -fmessage-length=0 -MMD -MP -MF"Drivers/STM32F1xx_HAL_Driver/Src/stm32f1xx_hal.d" -MT"Drivers/STM32F1xx_HAL_Driver/Src/stm32f1xx_hal.o" -o "Drivers/STM32F1xx_HAL_Driver/Src/stm32f1xx_hal.o" "../Drivers/STM32F1xx_HAL_Driver/Src/stm32f1xx_hal.c"
'Finished building: ../Drivers/STM32F1xx_HAL_Driver/Src/stm32f1xx_hal.c'
' '
'Building file: ../Drivers/STM32F1xx_HAL_Driver/Src/stm32f1xx_hal_adc.c'
'Invoking: MCU GCC Compiler'
C:\Users\Tom\workspace\AllInOneLogger_V1\Debug
arm-none-eabi-gcc -mcpu=cortex-m3 -mthumb -mfloat-abi=soft -D__weak="__attribute__((weak))" -D__packed="__attribute__((__packed__))" -DUSE_HAL_DRIVER -DSTM32F103xB -I"C:/Users/Tom/workspace/AllInOneLogger_V1/Inc" -I"C:/Users/Tom/workspace/AllInOneLogger_V1/Drivers/STM32F1xx_HAL_Driver/Inc" -I"C:/Users/Tom/workspace/AllInOneLogger_V1/Drivers/STM32F1xx_HAL_Driver/Inc/Legacy" -I"C:/Users/Tom/workspace/AllInOneLogger_V1/Drivers/CMSIS/Include" -I"C:/Users/Tom/workspace/AllInOneLogger_V1/Drivers/CMSIS/Device/ST/STM32F1xx/Include"  -Os -g3 -Wall -fmessage-length=0 -ffunction-sections -c -fmessage-length=0 -MMD -MP -MF"Drivers/STM32F1xx_HAL_Driver/Src/stm32f1xx_hal_adc.d" -MT"Drivers/STM32F1xx_HAL_Driver/Src/stm32f1xx_hal_adc.o" -o "Drivers/STM32F1xx_HAL_Driver/Src/stm32f1xx_hal_adc.o" "../Drivers/STM32F1xx_HAL_Driver/Src/stm32f1xx_hal_adc.c"
'Finished building: ../Drivers/STM32F1xx_HAL_Driver/Src/stm32f1xx_hal_adc.c'
' '
'Building file: ../Drivers/STM32F1xx_HAL_Driver/Src/stm32f1xx_hal_adc_ex.c'
'Invoking: MCU GCC Compiler'
C:\Users\Tom\workspace\AllInOneLogger_V1\Debug
arm-none-eabi-gcc -mcpu=cortex-m3 -mthumb -mfloat-abi=soft -D__weak="__attribute__((weak))" -D__packed="__attribute__((__packed__))" -DUSE_HAL_DRIVER -DSTM32F103xB -I"C:/Users/Tom/workspace/AllInOneLogger_V1/Inc" -I"C:/Users/Tom/workspace/AllInOneLogger_V1/Drivers/STM32F1xx_HAL_Driver/Inc" -I"C:/Users/Tom/workspace/AllInOneLogger_V1/Drivers/STM32F1xx_HAL_Driver/Inc/Legacy" -I"C:/Users/Tom/workspace/AllInOneLogger_V1/Drivers/CMSIS/Include" -I"C:/Users/Tom/workspace/AllInOneLogger_V1/Drivers/CMSIS/Device/ST/STM32F1xx/Include"  -Os -g3 -Wall -fmessage-length=0 -ffunction-sections -c -fmessage-length=0 -MMD -MP -MF"Drivers/STM32F1xx_HAL_Driver/Src/stm32f1xx_hal_adc_ex.d" -MT"Drivers/STM32F1xx_HAL_Driver/Src/stm32f1xx_hal_adc_ex.o" -o "Drivers/STM32F1xx_HAL_Driver/Src/stm32f1xx_hal_adc_ex.o" "../Drivers/STM32F1xx_HAL_Driver/Src/stm32f1xx_hal_adc_ex.c"
'Finished building: ../Drivers/STM32F1xx_HAL_Driver/Src/stm32f1xx_hal_adc_ex.c'
' '
'Building file: ../Drivers/STM32F1xx_HAL_Driver/Src/stm32f1xx_hal_cortex.c'
'Invoking: MCU GCC Compiler'
C:\Users\Tom\workspace\AllInOneLogger_V1\Debug
arm-none-eabi-gcc -mcpu=cortex-m3 -mthumb -mfloat-abi=soft -D__weak="__attribute__((weak))" -D__packed="__attribute__((__packed__))" -DUSE_HAL_DRIVER -DSTM32F103xB -I"C:/Users/Tom/workspace/AllInOneLogger_V1/Inc" -I"C:/Users/Tom/workspace/AllInOneLogger_V1/Drivers/STM32F1xx_HAL_Driver/Inc" -I"C:/Users/Tom/workspace/AllInOneLogger_V1/Drivers/STM32F1xx_HAL_Driver/Inc/Legacy" -I"C:/Users/Tom/workspace/AllInOneLogger_V1/Drivers/CMSIS/Include" -I"C:/Users/Tom/workspace/AllInOneLogger_V1/Drivers/CMSIS/Device/ST/STM32F1xx/Include"  -Os -g3 -Wall -fmessage-length=0 -ffunction-sections -c -fmessage-length=0 -MMD -MP -MF"Drivers/STM32F1xx_HAL_Driver/Src/stm32f1xx_hal_cortex.d" -MT"Drivers/STM32F1xx_HAL_Driver/Src/stm32f1xx_hal_cortex.o" -o "Drivers/STM32F1xx_HAL_Driver/Src/stm32f1xx_hal_cortex.o" "../Drivers/STM32F1xx_HAL_Driver/Src/stm32f1xx_hal_cortex.c"
'Finished building: ../Drivers/STM32F1xx_HAL_Driver/Src/stm32f1xx_hal_cortex.c'
' '
'Building file: ../Drivers/STM32F1xx_HAL_Driver/Src/stm32f1xx_hal_dma.c'
'Invoking: MCU GCC Compiler'
C:\Users\Tom\workspace\AllInOneLogger_V1\Debug
arm-none-eabi-gcc -mcpu=cortex-m3 -mthumb -mfloat-abi=soft -D__weak="__attribute__((weak))" -D__packed="__attribute__((__packed__))" -DUSE_HAL_DRIVER -DSTM32F103xB -I"C:/Users/Tom/workspace/AllInOneLogger_V1/Inc" -I"C:/Users/Tom/workspace/AllInOneLogger_V1/Drivers/STM32F1xx_HAL_Driver/Inc" -I"C:/Users/Tom/workspace/AllInOneLogger_V1/Drivers/STM32F1xx_HAL_Driver/Inc/Legacy" -I"C:/Users/Tom/workspace/AllInOneLogger_V1/Drivers/CMSIS/Include" -I"C:/Users/Tom/workspace/AllInOneLogger_V1/Drivers/CMSIS/Device/ST/STM32F1xx/Include"  -Os -g3 -Wall -fmessage-length=0 -ffunction-sections -c -fmessage-length=0 -MMD -MP -MF"Drivers/STM32F1xx_HAL_Driver/Src/stm32f1xx_hal_dma.d" -MT"Drivers/STM32F1xx_HAL_Driver/Src/stm32f1xx_hal_dma.o" -o "Drivers/STM32F1xx_HAL_Driver/Src/stm32f1xx_hal_dma.o" "../Drivers/STM32F1xx_HAL_Driver/Src/stm32f1xx_hal_dma.c"
'Finished building: ../Drivers/STM32F1xx_HAL_Driver/Src/stm32f1xx_hal_dma.c'
' '
'Building file: ../Drivers/STM32F1xx_HAL_Driver/Src/stm32f1xx_hal_flash.c'
'Invoking: MCU GCC Compiler'
C:\Users\Tom\workspace\AllInOneLogger_V1\Debug
arm-none-eabi-gcc -mcpu=cortex-m3 -mthumb -mfloat-abi=soft -D__weak="__attribute__((weak))" -D__packed="__attribute__((__packed__))" -DUSE_HAL_DRIVER -DSTM32F103xB -I"C:/Users/Tom/workspace/AllInOneLogger_V1/Inc" -I"C:/Users/Tom/workspace/AllInOneLogger_V1/Drivers/STM32F1xx_HAL_Driver/Inc" -I"C:/Users/Tom/workspace/AllInOneLogger_V1/Drivers/STM32F1xx_HAL_Driver/Inc/Legacy" -I"C:/Users/Tom/workspace/AllInOneLogger_V1/Drivers/CMSIS/Include" -I"C:/Users/Tom/workspace/AllInOneLogger_V1/Drivers/CMSIS/Device/ST/STM32F1xx/Include"  -Os -g3 -Wall -fmessage-length=0 -ffunction-sections -c -fmessage-length=0 -MMD -MP -MF"Drivers/STM32F1xx_HAL_Driver/Src/stm32f1xx_hal_flash.d" -MT"Drivers/STM32F1xx_HAL_Driver/Src/stm32f1xx_hal_flash.o" -o "Drivers/STM32F1xx_HAL_Driver/Src/stm32f1xx_hal_flash.o" "../Drivers/STM32F1xx_HAL_Driver/Src/stm32f1xx_hal_flash.c"
'Finished building: ../Drivers/STM32F1xx_HAL_Driver/Src/stm32f1xx_hal_flash.c'
' '
'Building file: ../Drivers/STM32F1xx_HAL_Driver/Src/stm32f1xx_hal_flash_ex.c'
'Invoking: MCU GCC Compiler'
C:\Users\Tom\workspace\AllInOneLogger_V1\Debug
arm-none-eabi-gcc -mcpu=cortex-m3 -mthumb -mfloat-abi=soft -D__weak="__attribute__((weak))" -D__packed="__attribute__((__packed__))" -DUSE_HAL_DRIVER -DSTM32F103xB -I"C:/Users/Tom/workspace/AllInOneLogger_V1/Inc" -I"C:/Users/Tom/workspace/AllInOneLogger_V1/Drivers/STM32F1xx_HAL_Driver/Inc" -I"C:/Users/Tom/workspace/AllInOneLogger_V1/Drivers/STM32F1xx_HAL_Driver/Inc/Legacy" -I"C:/Users/Tom/workspace/AllInOneLogger_V1/Drivers/CMSIS/Include" -I"C:/Users/Tom/workspace/AllInOneLogger_V1/Drivers/CMSIS/Device/ST/STM32F1xx/Include"  -Os -g3 -Wall -fmessage-length=0 -ffunction-sections -c -fmessage-length=0 -MMD -MP -MF"Drivers/STM32F1xx_HAL_Driver/Src/stm32f1xx_hal_flash_ex.d" -MT"Drivers/STM32F1xx_HAL_Driver/Src/stm32f1xx_hal_flash_ex.o" -o "Drivers/STM32F1xx_HAL_Driver/Src/stm32f1xx_hal_flash_ex.o" "../Drivers/STM32F1xx_HAL_Driver/Src/stm32f1xx_hal_flash_ex.c"
'Finished building: ../Drivers/STM32F1xx_HAL_Driver/Src/stm32f1xx_hal_flash_ex.c'
' '
'Building file: ../Drivers/STM32F1xx_HAL_Driver/Src/stm32f1xx_hal_gpio.c'
'Invoking: MCU GCC Compiler'
C:\Users\Tom\workspace\AllInOneLogger_V1\Debug
arm-none-eabi-gcc -mcpu=cortex-m3 -mthumb -mfloat-abi=soft -D__weak="__attribute__((weak))" -D__packed="__attribute__((__packed__))" -DUSE_HAL_DRIVER -DSTM32F103xB -I"C:/Users/Tom/workspace/AllInOneLogger_V1/Inc" -I"C:/Users/Tom/workspace/AllInOneLogger_V1/Drivers/STM32F1xx_HAL_Driver/Inc" -I"C:/Users/Tom/workspace/AllInOneLogger_V1/Drivers/STM32F1xx_HAL_Driver/Inc/Legacy" -I"C:/Users/Tom/workspace/AllInOneLogger_V1/Drivers/CMSIS/Include" -I"C:/Users/Tom/workspace/AllInOneLogger_V1/Drivers/CMSIS/Device/ST/STM32F1xx/Include"  -Os -g3 -Wall -fmessage-length=0 -ffunction-sections -c -fmessage-length=0 -MMD -MP -MF"Drivers/STM32F1xx_HAL_Driver/Src/stm32f1xx_hal_gpio.d" -MT"Drivers/STM32F1xx_HAL_Driver/Src/stm32f1xx_hal_gpio.o" -o "Drivers/STM32F1xx_HAL_Driver/Src/stm32f1xx_hal_gpio.o" "../Drivers/STM32F1xx_HAL_Driver/Src/stm32f1xx_hal_gpio.c"
'Finished building: ../Drivers/STM32F1xx_HAL_Driver/Src/stm32f1xx_hal_gpio.c'
' '
'Building file: ../Drivers/STM32F1xx_HAL_Driver/Src/stm32f1xx_hal_gpio_ex.c'
'Invoking: MCU GCC Compiler'
C:\Users\Tom\workspace\AllInOneLogger_V1\Debug
arm-none-eabi-gcc -mcpu=cortex-m3 -mthumb -mfloat-abi=soft -D__weak="__attribute__((weak))" -D__packed="__attribute__((__packed__))" -DUSE_HAL_DRIVER -DSTM32F103xB -I"C:/Users/Tom/workspace/AllInOneLogger_V1/Inc" -I"C:/Users/Tom/workspace/AllInOneLogger_V1/Drivers/STM32F1xx_HAL_Driver/Inc" -I"C:/Users/Tom/workspace/AllInOneLogger_V1/Drivers/STM32F1xx_HAL_Driver/Inc/Legacy" -I"C:/Users/Tom/workspace/AllInOneLogger_V1/Drivers/CMSIS/Include" -I"C:/Users/Tom/workspace/AllInOneLogger_V1/Drivers/CMSIS/Device/ST/STM32F1xx/Include"  -Os -g3 -Wall -fmessage-length=0 -ffunction-sections -c -fmessage-length=0 -MMD -MP -MF"Drivers/STM32F1xx_HAL_Driver/Src/stm32f1xx_hal_gpio_ex.d" -MT"Drivers/STM32F1xx_HAL_Driver/Src/stm32f1xx_hal_gpio_ex.o" -o "Drivers/STM32F1xx_HAL_Driver/Src/stm32f1xx_hal_gpio_ex.o" "../Drivers/STM32F1xx_HAL_Driver/Src/stm32f1xx_hal_gpio_ex.c"
'Finished building: ../Drivers/STM32F1xx_HAL_Driver/Src/stm32f1xx_hal_gpio_ex.c'
' '
'Building file: ../Drivers/STM32F1xx_HAL_Driver/Src/stm32f1xx_hal_i2c.c'
'Invoking: MCU GCC Compiler'
C:\Users\Tom\workspace\AllInOneLogger_V1\Debug
arm-none-eabi-gcc -mcpu=cortex-m3 -mthumb -mfloat-abi=soft -D__weak="__attribute__((weak))" -D__packed="__attribute__((__packed__))" -DUSE_HAL_DRIVER -DSTM32F103xB -I"C:/Users/Tom/workspace/AllInOneLogger_V1/Inc" -I"C:/Users/Tom/workspace/AllInOneLogger_V1/Drivers/STM32F1xx_HAL_Driver/Inc" -I"C:/Users/Tom/workspace/AllInOneLogger_V1/Drivers/STM32F1xx_HAL_Driver/Inc/Legacy" -I"C:/Users/Tom/workspace/AllInOneLogger_V1/Drivers/CMSIS/Include" -I"C:/Users/Tom/workspace/AllInOneLogger_V1/Drivers/CMSIS/Device/ST/STM32F1xx/Include"  -Os -g3 -Wall -fmessage-length=0 -ffunction-sections -c -fmessage-length=0 -MMD -MP -MF"Drivers/STM32F1xx_HAL_Driver/Src/stm32f1xx_hal_i2c.d" -MT"Drivers/STM32F1xx_HAL_Driver/Src/stm32f1xx_hal_i2c.o" -o "Drivers/STM32F1xx_HAL_Driver/Src/stm32f1xx_hal_i2c.o" "../Drivers/STM32F1xx_HAL_Driver/Src/stm32f1xx_hal_i2c.c"
'Finished building: ../Drivers/STM32F1xx_HAL_Driver/Src/stm32f1xx_hal_i2c.c'
' '
'Building file: ../Drivers/STM32F1xx_HAL_Driver/Src/stm32f1xx_hal_pwr.c'
'Invoking: MCU GCC Compiler'
C:\Users\Tom\workspace\AllInOneLogger_V1\Debug
arm-none-eabi-gcc -mcpu=cortex-m3 -mthumb -mfloat-abi=soft -D__weak="__attribute__((weak))" -D__packed="__attribute__((__packed__))" -DUSE_HAL_DRIVER -DSTM32F103xB -I"C:/Users/Tom/workspace/AllInOneLogger_V1/Inc" -I"C:/Users/Tom/workspace/AllInOneLogger_V1/Drivers/STM32F1xx_HAL_Driver/Inc" -I"C:/Users/Tom/workspace/AllInOneLogger_V1/Drivers/STM32F1xx_HAL_Driver/Inc/Legacy" -I"C:/Users/Tom/workspace/AllInOneLogger_V1/Drivers/CMSIS/Include" -I"C:/Users/Tom/workspace/AllInOneLogger_V1/Drivers/CMSIS/Device/ST/STM32F1xx/Include"  -Os -g3 -Wall -fmessage-length=0 -ffunction-sections -c -fmessage-length=0 -MMD -MP -MF"Drivers/STM32F1xx_HAL_Driver/Src/stm32f1xx_hal_pwr.d" -MT"Drivers/STM32F1xx_HAL_Driver/Src/stm32f1xx_hal_pwr.o" -o "Drivers/STM32F1xx_HAL_Driver/Src/stm32f1xx_hal_pwr.o" "../Drivers/STM32F1xx_HAL_Driver/Src/stm32f1xx_hal_pwr.c"
'Finished building: ../Drivers/STM32F1xx_HAL_Driver/Src/stm32f1xx_hal_pwr.c'
' '
'Building file: ../Drivers/STM32F1xx_HAL_Driver/Src/stm32f1xx_hal_rcc.c'
'Invoking: MCU GCC Compiler'
C:\Users\Tom\workspace\AllInOneLogger_V1\Debug
arm-none-eabi-gcc -mcpu=cortex-m3 -mthumb -mfloat-abi=soft -D__weak="__attribute__((weak))" -D__packed="__attribute__((__packed__))" -DUSE_HAL_DRIVER -DSTM32F103xB -I"C:/Users/Tom/workspace/AllInOneLogger_V1/Inc" -I"C:/Users/Tom/workspace/AllInOneLogger_V1/Drivers/STM32F1xx_HAL_Driver/Inc" -I"C:/Users/Tom/workspace/AllInOneLogger_V1/Drivers/STM32F1xx_HAL_Driver/Inc/Legacy" -I"C:/Users/Tom/workspace/AllInOneLogger_V1/Drivers/CMSIS/Include" -I"C:/Users/Tom/workspace/AllInOneLogger_V1/Drivers/CMSIS/Device/ST/STM32F1xx/Include"  -Os -g3 -Wall -fmessage-length=0 -ffunction-sections -c -fmessage-length=0 -MMD -MP -MF"Drivers/STM32F1xx_HAL_Driver/Src/stm32f1xx_hal_rcc.d" -MT"Drivers/STM32F1xx_HAL_Driver/Src/stm32f1xx_hal_rcc.o" -o "Drivers/STM32F1xx_HAL_Driver/Src/stm32f1xx_hal_rcc.o" "../Drivers/STM32F1xx_HAL_Driver/Src/stm32f1xx_hal_rcc.c"
'Finished building: ../Drivers/STM32F1xx_HAL_Driver/Src/stm32f1xx_hal_rcc.c'
' '
'Building file: ../Drivers/STM32F1xx_HAL_Driver/Src/stm32f1xx_hal_rcc_ex.c'
'Invoking: MCU GCC Compiler'
C:\Users\Tom\workspace\AllInOneLogger_V1\Debug
arm-none-eabi-gcc -mcpu=cortex-m3 -mthumb -mfloat-abi=soft -D__weak="__attribute__((weak))" -D__packed="__attribute__((__packed__))" -DUSE_HAL_DRIVER -DSTM32F103xB -I"C:/Users/Tom/workspace/AllInOneLogger_V1/Inc" -I"C:/Users/Tom/workspace/AllInOneLogger_V1/Drivers/STM32F1xx_HAL_Driver/Inc" -I"C:/Users/Tom/workspace/AllInOneLogger_V1/Drivers/STM32F1xx_HAL_Driver/Inc/Legacy" -I"C:/Users/Tom/workspace/AllInOneLogger_V1/Drivers/CMSIS/Include" -I"C:/Users/Tom/workspace/AllInOneLogger_V1/Drivers/CMSIS/Device/ST/STM32F1xx/Include"  -Os -g3 -Wall -fmessage-length=0 -ffunction-sections -c -fmessage-length=0 -MMD -MP -MF"Drivers/STM32F1xx_HAL_Driver/Src/stm32f1xx_hal_rcc_ex.d" -MT"Drivers/STM32F1xx_HAL_Driver/Src/stm32f1xx_hal_rcc_ex.o" -o "Drivers/STM32F1xx_HAL_Driver/Src/stm32f1xx_hal_rcc_ex.o" "../Drivers/STM32F1xx_HAL_Driver/Src/stm32f1xx_hal_rcc_ex.c"
'Finished building: ../Drivers/STM32F1xx_HAL_Driver/Src/stm32f1xx_hal_rcc_ex.c'
' '
'Building file: ../Drivers/STM32F1xx_HAL_Driver/Src/stm32f1xx_hal_rtc.c'
'Invoking: MCU GCC Compiler'
C:\Users\Tom\workspace\AllInOneLogger_V1\Debug
arm-none-eabi-gcc -mcpu=cortex-m3 -mthumb -mfloat-abi=soft -D__weak="__attribute__((weak))" -D__packed="__attribute__((__packed__))" -DUSE_HAL_DRIVER -DSTM32F103xB -I"C:/Users/Tom/workspace/AllInOneLogger_V1/Inc" -I"C:/Users/Tom/workspace/AllInOneLogger_V1/Drivers/STM32F1xx_HAL_Driver/Inc" -I"C:/Users/Tom/workspace/AllInOneLogger_V1/Drivers/STM32F1xx_HAL_Driver/Inc/Legacy" -I"C:/Users/Tom/workspace/AllInOneLogger_V1/Drivers/CMSIS/Include" -I"C:/Users/Tom/workspace/AllInOneLogger_V1/Drivers/CMSIS/Device/ST/STM32F1xx/Include"  -Os -g3 -Wall -fmessage-length=0 -ffunction-sections -c -fmessage-length=0 -MMD -MP -MF"Drivers/STM32F1xx_HAL_Driver/Src/stm32f1xx_hal_rtc.d" -MT"Drivers/STM32F1xx_HAL_Driver/Src/stm32f1xx_hal_rtc.o" -o "Drivers/STM32F1xx_HAL_Driver/Src/stm32f1xx_hal_rtc.o" "../Drivers/STM32F1xx_HAL_Driver/Src/stm32f1xx_hal_rtc.c"
'Finished building: ../Drivers/STM32F1xx_HAL_Driver/Src/stm32f1xx_hal_rtc.c'
' '
'Building file: ../Drivers/STM32F1xx_HAL_Driver/Src/stm32f1xx_hal_rtc_ex.c'
'Invoking: MCU GCC Compiler'
C:\Users\Tom\workspace\AllInOneLogger_V1\Debug
arm-none-eabi-gcc -mcpu=cortex-m3 -mthumb -mfloat-abi=soft -D__weak="__attribute__((weak))" -D__packed="__attribute__((__packed__))" -DUSE_HAL_DRIVER -DSTM32F103xB -I"C:/Users/Tom/workspace/AllInOneLogger_V1/Inc" -I"C:/Users/Tom/workspace/AllInOneLogger_V1/Drivers/STM32F1xx_HAL_Driver/Inc" -I"C:/Users/Tom/workspace/AllInOneLogger_V1/Drivers/STM32F1xx_HAL_Driver/Inc/Legacy" -I"C:/Users/Tom/workspace/AllInOneLogger_V1/Drivers/CMSIS/Include" -I"C:/Users/Tom/workspace/AllInOneLogger_V1/Drivers/CMSIS/Device/ST/STM32F1xx/Include"  -Os -g3 -Wall -fmessage-length=0 -ffunction-sections -c -fmessage-length=0 -MMD -MP -MF"Drivers/STM32F1xx_HAL_Driver/Src/stm32f1xx_hal_rtc_ex.d" -MT"Drivers/STM32F1xx_HAL_Driver/Src/stm32f1xx_hal_rtc_ex.o" -o "Drivers/STM32F1xx_HAL_Driver/Src/stm32f1xx_hal_rtc_ex.o" "../Drivers/STM32F1xx_HAL_Driver/Src/stm32f1xx_hal_rtc_ex.c"
'Finished building: ../Drivers/STM32F1xx_HAL_Driver/Src/stm32f1xx_hal_rtc_ex.c'
' '
'Building file: ../Drivers/STM32F1xx_HAL_Driver/Src/stm32f1xx_hal_spi.c'
'Invoking: MCU GCC Compiler'
C:\Users\Tom\workspace\AllInOneLogger_V1\Debug
arm-none-eabi-gcc -mcpu=cortex-m3 -mthumb -mfloat-abi=soft -D__weak="__attribute__((weak))" -D__packed="__attribute__((__packed__))" -DUSE_HAL_DRIVER -DSTM32F103xB -I"C:/Users/Tom/workspace/AllInOneLogger_V1/Inc" -I"C:/Users/Tom/workspace/AllInOneLogger_V1/Drivers/STM32F1xx_HAL_Driver/Inc" -I"C:/Users/Tom/workspace/AllInOneLogger_V1/Drivers/STM32F1xx_HAL_Driver/Inc/Legacy" -I"C:/Users/Tom/workspace/AllInOneLogger_V1/Drivers/CMSIS/Include" -I"C:/Users/Tom/workspace/AllInOneLogger_V1/Drivers/CMSIS/Device/ST/STM32F1xx/Include"  -Os -g3 -Wall -fmessage-length=0 -ffunction-sections -c -fmessage-length=0 -MMD -MP -MF"Drivers/STM32F1xx_HAL_Driver/Src/stm32f1xx_hal_spi.d" -MT"Drivers/STM32F1xx_HAL_Driver/Src/stm32f1xx_hal_spi.o" -o "Drivers/STM32F1xx_HAL_Driver/Src/stm32f1xx_hal_spi.o" "../Drivers/STM32F1xx_HAL_Driver/Src/stm32f1xx_hal_spi.c"
'Finished building: ../Drivers/STM32F1xx_HAL_Driver/Src/stm32f1xx_hal_spi.c'
' '
'Building file: ../Drivers/STM32F1xx_HAL_Driver/Src/stm32f1xx_hal_spi_ex.c'
'Invoking: MCU GCC Compiler'
C:\Users\Tom\workspace\AllInOneLogger_V1\Debug
arm-none-eabi-gcc -mcpu=cortex-m3 -mthumb -mfloat-abi=soft -D__weak="__attribute__((weak))" -D__packed="__attribute__((__packed__))" -DUSE_HAL_DRIVER -DSTM32F103xB -I"C:/Users/Tom/workspace/AllInOneLogger_V1/Inc" -I"C:/Users/Tom/workspace/AllInOneLogger_V1/Drivers/STM32F1xx_HAL_Driver/Inc" -I"C:/Users/Tom/workspace/AllInOneLogger_V1/Drivers/STM32F1xx_HAL_Driver/Inc/Legacy" -I"C:/Users/Tom/workspace/AllInOneLogger_V1/Drivers/CMSIS/Include" -I"C:/Users/Tom/workspace/AllInOneLogger_V1/Drivers/CMSIS/Device/ST/STM32F1xx/Include"  -Os -g3 -Wall -fmessage-length=0 -ffunction-sections -c -fmessage-length=0 -MMD -MP -MF"Drivers/STM32F1xx_HAL_Driver/Src/stm32f1xx_hal_spi_ex.d" -MT"Drivers/STM32F1xx_HAL_Driver/Src/stm32f1xx_hal_spi_ex.o" -o "Drivers/STM32F1xx_HAL_Driver/Src/stm32f1xx_hal_spi_ex.o" "../Drivers/STM32F1xx_HAL_Driver/Src/stm32f1xx_hal_spi_ex.c"
'Finished building: ../Drivers/STM32F1xx_HAL_Driver/Src/stm32f1xx_hal_spi_ex.c'
' '
'Building file: ../Drivers/STM32F1xx_HAL_Driver/Src/stm32f1xx_hal_tim.c'
'Invoking: MCU GCC Compiler'
C:\Users\Tom\workspace\AllInOneLogger_V1\Debug
arm-none-eabi-gcc -mcpu=cortex-m3 -mthumb -mfloat-abi=soft -D__weak="__attribute__((weak))" -D__packed="__attribute__((__packed__))" -DUSE_HAL_DRIVER -DSTM32F103xB -I"C:/Users/Tom/workspace/AllInOneLogger_V1/Inc" -I"C:/Users/Tom/workspace/AllInOneLogger_V1/Drivers/STM32F1xx_HAL_Driver/Inc" -I"C:/Users/Tom/workspace/AllInOneLogger_V1/Drivers/STM32F1xx_HAL_Driver/Inc/Legacy" -I"C:/Users/Tom/workspace/AllInOneLogger_V1/Drivers/CMSIS/Include" -I"C:/Users/Tom/workspace/AllInOneLogger_V1/Drivers/CMSIS/Device/ST/STM32F1xx/Include"  -Os -g3 -Wall -fmessage-length=0 -ffunction-sections -c -fmessage-length=0 -MMD -MP -MF"Drivers/STM32F1xx_HAL_Driver/Src/stm32f1xx_hal_tim.d" -MT"Drivers/STM32F1xx_HAL_Driver/Src/stm32f1xx_hal_tim.o" -o "Drivers/STM32F1xx_HAL_Driver/Src/stm32f1xx_hal_tim.o" "../Drivers/STM32F1xx_HAL_Driver/Src/stm32f1xx_hal_tim.c"
'Finished building: ../Drivers/STM32F1xx_HAL_Driver/Src/stm32f1xx_hal_tim.c'
' '
'Building file: ../Drivers/STM32F1xx_HAL_Driver/Src/stm32f1xx_hal_tim_ex.c'
'Invoking: MCU GCC Compiler'
C:\Users\Tom\workspace\AllInOneLogger_V1\Debug
arm-none-eabi-gcc -mcpu=cortex-m3 -mthumb -mfloat-abi=soft -D__weak="__attribute__((weak))" -D__packed="__attribute__((__packed__))" -DUSE_HAL_DRIVER -DSTM32F103xB -I"C:/Users/Tom/workspace/AllInOneLogger_V1/Inc" -I"C:/Users/Tom/workspace/AllInOneLogger_V1/Drivers/STM32F1xx_HAL_Driver/Inc" -I"C:/Users/Tom/workspace/AllInOneLogger_V1/Drivers/STM32F1xx_HAL_Driver/Inc/Legacy" -I"C:/Users/Tom/workspace/AllInOneLogger_V1/Drivers/CMSIS/Include" -I"C:/Users/Tom/workspace/AllInOneLogger_V1/Drivers/CMSIS/Device/ST/STM32F1xx/Include"  -Os -g3 -Wall -fmessage-length=0 -ffunction-sections -c -fmessage-length=0 -MMD -MP -MF"Drivers/STM32F1xx_HAL_Driver/Src/stm32f1xx_hal_tim_ex.d" -MT"Drivers/STM32F1xx_HAL_Driver/Src/stm32f1xx_hal_tim_ex.o" -o "Drivers/STM32F1xx_HAL_Driver/Src/stm32f1xx_hal_tim_ex.o" "../Drivers/STM32F1xx_HAL_Driver/Src/stm32f1xx_hal_tim_ex.c"
'Finished building: ../Drivers/STM32F1xx_HAL_Driver/Src/stm32f1xx_hal_tim_ex.c'
' '
'Building file: ../Drivers/STM32F1xx_HAL_Driver/Src/stm32f1xx_hal_uart.c'
'Invoking: MCU GCC Compiler'
C:\Users\Tom\workspace\AllInOneLogger_V1\Debug
arm-none-eabi-gcc -mcpu=cortex-m3 -mthumb -mfloat-abi=soft -D__weak="__attribute__((weak))" -D__packed="__attribute__((__packed__))" -DUSE_HAL_DRIVER -DSTM32F103xB -I"C:/Users/Tom/workspace/AllInOneLogger_V1/Inc" -I"C:/Users/Tom/workspace/AllInOneLogger_V1/Drivers/STM32F1xx_HAL_Driver/Inc" -I"C:/Users/Tom/workspace/AllInOneLogger_V1/Drivers/STM32F1xx_HAL_Driver/Inc/Legacy" -I"C:/Users/Tom/workspace/AllInOneLogger_V1/Drivers/CMSIS/Include" -I"C:/Users/Tom/workspace/AllInOneLogger_V1/Drivers/CMSIS/Device/ST/STM32F1xx/Include"  -Os -g3 -Wall -fmessage-length=0 -ffunction-sections -c -fmessage-length=0 -MMD -MP -MF"Drivers/STM32F1xx_HAL_Driver/Src/stm32f1xx_hal_uart.d" -MT"Drivers/STM32F1xx_HAL_Driver/Src/stm32f1xx_hal_uart.o" -o "Drivers/STM32F1xx_HAL_Driver/Src/stm32f1xx_hal_uart.o" "../Drivers/STM32F1xx_HAL_Driver/Src/stm32f1xx_hal_uart.c"
'Finished building: ../Drivers/STM32F1xx_HAL_Driver/Src/stm32f1xx_hal_uart.c'
' '
'Building file: ../Drivers/CMSIS/Device/ST/STM32F1xx/Source/Templates/system_stm32f1xx.c'
'Invoking: MCU GCC Compiler'
C:\Users\Tom\workspace\AllInOneLogger_V1\Debug
arm-none-eabi-gcc -mcpu=cortex-m3 -mthumb -mfloat-abi=soft -D__weak="__attribute__((weak))" -D__packed="__attribute__((__packed__))" -DUSE_HAL_DRIVER -DSTM32F103xB -I"C:/Users/Tom/workspace/AllInOneLogger_V1/Inc" -I"C:/Users/Tom/workspace/AllInOneLogger_V1/Drivers/STM32F1xx_HAL_Driver/Inc" -I"C:/Users/Tom/workspace/AllInOneLogger_V1/Drivers/STM32F1xx_HAL_Driver/Inc/Legacy" -I"C:/Users/Tom/workspace/AllInOneLogger_V1/Drivers/CMSIS/Include" -I"C:/Users/Tom/workspace/AllInOneLogger_V1/Drivers/CMSIS/Device/ST/STM32F1xx/Include"  -Os -g3 -Wall -fmessage-length=0 -ffunction-sections -c -fmessage-length=0 -MMD -MP -MF"Drivers/CMSIS/Device/ST/STM32F1xx/Source/Templates/system_stm32f1xx.d" -MT"Drivers/CMSIS/Device/ST/STM32F1xx/Source/Templates/system_stm32f1xx.o" -o "Drivers/CMSIS/Device/ST/STM32F1xx/Source/Templates/system_stm32f1xx.o" "../Drivers/CMSIS/Device/ST/STM32F1xx/Source/Templates/system_stm32f1xx.c"
'Finished building: ../Drivers/CMSIS/Device/ST/STM32F1xx/Source/Templates/system_stm32f1xx.c'
' '
'Building target: AllInOneLogger_V1.elf'
'Invoking: MCU GCC Linker'
arm-none-eabi-gcc -mcpu=cortex-m3 -mthumb -mfloat-abi=soft -specs=nosys.specs -specs=nano.specs -T"../STM32F103C8Tx_FLASH.ld" -Wl,-Map=output.map -Wl,--gc-sections -lm -o "AllInOneLogger_V1.elf" @"objects.list"  
'Finished building target: AllInOneLogger_V1.elf'
' '
make --no-print-directory post-build
'Generating binary and Printing size information:'
arm-none-eabi-objcopy -O binary "AllInOneLogger_V1.elf" "AllInOneLogger_V1.bin"
arm-none-eabi-size "AllInOneLogger_V1.elf"
   text	   data	    bss	    dec	    hex	filename
  16128	    112	   2024	  18264	   4758	AllInOneLogger_V1.elf
' '
20:45:21 **** Incremental Build of configuration Debug for project AllInOneLogger_V1 ****
make all 
'Building file: ../Src/main.c'
'Invoking: MCU GCC Compiler'
C:\Users\Tom\workspace\AllInOneLogger_V1\Debug
arm-none-eabi-gcc -mcpu=cortex-m3 -mthumb -mfloat-abi=soft -D__weak="__attribute__((weak))" -D__packed="__attribute__((__packed__))" -DUSE_HAL_DRIVER -DSTM32F103xB -I"C:/Users/Tom/workspace/AllInOneLogger_V1/Inc" -I"C:/Users/Tom/workspace/AllInOneLogger_V1/Drivers/STM32F1xx_HAL_Driver/Inc" -I"C:/Users/Tom/workspace/AllInOneLogger_V1/Drivers/STM32F1xx_HAL_Driver/Inc/Legacy" -I"C:/Users/Tom/workspace/AllInOneLogger_V1/Drivers/CMSIS/Include" -I"C:/Users/Tom/workspace/AllInOneLogger_V1/Drivers/CMSIS/Device/ST/STM32F1xx/Include"  -Os -g3 -Wall -fmessage-length=0 -ffunction-sections -c -fmessage-length=0 -MMD -MP -MF"Src/main.d" -MT"Src/main.o" -o "Src/main.o" "../Src/main.c"
'Finished building: ../Src/main.c'
' '
'Building target: AllInOneLogger_V1.elf'
'Invoking: MCU GCC Linker'
arm-none-eabi-gcc -mcpu=cortex-m3 -mthumb -mfloat-abi=soft -specs=nosys.specs -specs=nano.specs -T"../STM32F103C8Tx_FLASH.ld" -Wl,-Map=output.map -Wl,--gc-sections -lm -o "AllInOneLogger_V1.elf" @"objects.list"  
'Finished building target: AllInOneLogger_V1.elf'
' '
make --no-print-directory post-build
'Generating binary and Printing size information:'
arm-none-eabi-objcopy -O binary "AllInOneLogger_V1.elf" "AllInOneLogger_V1.bin"
arm-none-eabi-size "AllInOneLogger_V1.elf"
   text	   data	    bss	    dec	    hex	filename
  16128	    112	   2024	  18264	   4758	AllInOneLogger_V1.elf
' '
20:50:33 **** Incremental Build of configuration Debug for project AllInOneLogger_V1 ****
make all 
make: Nothing to be done for `all'.
21:10:07 **** Incremental Build of configuration Debug for project AllInOneLogger_V1 ****
make all 
make: Nothing to be done for `all'.
15:04:56 **** Incremental Build of configuration Debug for project AllInOneLogger_V1 ****
make all 
'Building file: ../Src/main.c'
'Invoking: MCU GCC Compiler'
C:\Users\Tom\workspace\AllInOneLogger_V1\Debug
arm-none-eabi-gcc -mcpu=cortex-m3 -mthumb -mfloat-abi=soft -D__weak="__attribute__((weak))" -D__packed="__attribute__((__packed__))" -DUSE_HAL_DRIVER -DSTM32F103xB -I"C:/Users/Tom/workspace/AllInOneLogger_V1/Inc" -I"C:/Users/Tom/workspace/AllInOneLogger_V1/Drivers/STM32F1xx_HAL_Driver/Inc" -I"C:/Users/Tom/workspace/AllInOneLogger_V1/Drivers/STM32F1xx_HAL_Driver/Inc/Legacy" -I"C:/Users/Tom/workspace/AllInOneLogger_V1/Drivers/CMSIS/Include" -I"C:/Users/Tom/workspace/AllInOneLogger_V1/Drivers/CMSIS/Device/ST/STM32F1xx/Include"  -Os -g3 -Wall -fmessage-length=0 -ffunction-sections -c -fmessage-length=0 -MMD -MP -MF"Src/main.d" -MT"Src/main.o" -o "Src/main.o" "../Src/main.c"
'Finished building: ../Src/main.c'
' '
'Building file: ../Src/stm32f1xx_hal_msp.c'
'Invoking: MCU GCC Compiler'
C:\Users\Tom\workspace\AllInOneLogger_V1\Debug
arm-none-eabi-gcc -mcpu=cortex-m3 -mthumb -mfloat-abi=soft -D__weak="__attribute__((weak))" -D__packed="__attribute__((__packed__))" -DUSE_HAL_DRIVER -DSTM32F103xB -I"C:/Users/Tom/workspace/AllInOneLogger_V1/Inc" -I"C:/Users/Tom/workspace/AllInOneLogger_V1/Drivers/STM32F1xx_HAL_Driver/Inc" -I"C:/Users/Tom/workspace/AllInOneLogger_V1/Drivers/STM32F1xx_HAL_Driver/Inc/Legacy" -I"C:/Users/Tom/workspace/AllInOneLogger_V1/Drivers/CMSIS/Include" -I"C:/Users/Tom/workspace/AllInOneLogger_V1/Drivers/CMSIS/Device/ST/STM32F1xx/Include"  -Os -g3 -Wall -fmessage-length=0 -ffunction-sections -c -fmessage-length=0 -MMD -MP -MF"Src/stm32f1xx_hal_msp.d" -MT"Src/stm32f1xx_hal_msp.o" -o "Src/stm32f1xx_hal_msp.o" "../Src/stm32f1xx_hal_msp.c"
'Finished building: ../Src/stm32f1xx_hal_msp.c'
' '
'Building file: ../Src/stm32f1xx_it.c'
'Invoking: MCU GCC Compiler'
C:\Users\Tom\workspace\AllInOneLogger_V1\Debug
arm-none-eabi-gcc -mcpu=cortex-m3 -mthumb -mfloat-abi=soft -D__weak="__attribute__((weak))" -D__packed="__attribute__((__packed__))" -DUSE_HAL_DRIVER -DSTM32F103xB -I"C:/Users/Tom/workspace/AllInOneLogger_V1/Inc" -I"C:/Users/Tom/workspace/AllInOneLogger_V1/Drivers/STM32F1xx_HAL_Driver/Inc" -I"C:/Users/Tom/workspace/AllInOneLogger_V1/Drivers/STM32F1xx_HAL_Driver/Inc/Legacy" -I"C:/Users/Tom/workspace/AllInOneLogger_V1/Drivers/CMSIS/Include" -I"C:/Users/Tom/workspace/AllInOneLogger_V1/Drivers/CMSIS/Device/ST/STM32F1xx/Include"  -Os -g3 -Wall -fmessage-length=0 -ffunction-sections -c -fmessage-length=0 -MMD -MP -MF"Src/stm32f1xx_it.d" -MT"Src/stm32f1xx_it.o" -o "Src/stm32f1xx_it.o" "../Src/stm32f1xx_it.c"
'Finished building: ../Src/stm32f1xx_it.c'
' '
'Building file: ../Drivers/STM32F1xx_HAL_Driver/Src/stm32f1xx_hal.c'
'Invoking: MCU GCC Compiler'
C:\Users\Tom\workspace\AllInOneLogger_V1\Debug
arm-none-eabi-gcc -mcpu=cortex-m3 -mthumb -mfloat-abi=soft -D__weak="__attribute__((weak))" -D__packed="__attribute__((__packed__))" -DUSE_HAL_DRIVER -DSTM32F103xB -I"C:/Users/Tom/workspace/AllInOneLogger_V1/Inc" -I"C:/Users/Tom/workspace/AllInOneLogger_V1/Drivers/STM32F1xx_HAL_Driver/Inc" -I"C:/Users/Tom/workspace/AllInOneLogger_V1/Drivers/STM32F1xx_HAL_Driver/Inc/Legacy" -I"C:/Users/Tom/workspace/AllInOneLogger_V1/Drivers/CMSIS/Include" -I"C:/Users/Tom/workspace/AllInOneLogger_V1/Drivers/CMSIS/Device/ST/STM32F1xx/Include"  -Os -g3 -Wall -fmessage-length=0 -ffunction-sections -c -fmessage-length=0 -MMD -MP -MF"Drivers/STM32F1xx_HAL_Driver/Src/stm32f1xx_hal.d" -MT"Drivers/STM32F1xx_HAL_Driver/Src/stm32f1xx_hal.o" -o "Drivers/STM32F1xx_HAL_Driver/Src/stm32f1xx_hal.o" "../Drivers/STM32F1xx_HAL_Driver/Src/stm32f1xx_hal.c"
'Finished building: ../Drivers/STM32F1xx_HAL_Driver/Src/stm32f1xx_hal.c'
' '
'Building file: ../Drivers/STM32F1xx_HAL_Driver/Src/stm32f1xx_hal_adc.c'
'Invoking: MCU GCC Compiler'
C:\Users\Tom\workspace\AllInOneLogger_V1\Debug
arm-none-eabi-gcc -mcpu=cortex-m3 -mthumb -mfloat-abi=soft -D__weak="__attribute__((weak))" -D__packed="__attribute__((__packed__))" -DUSE_HAL_DRIVER -DSTM32F103xB -I"C:/Users/Tom/workspace/AllInOneLogger_V1/Inc" -I"C:/Users/Tom/workspace/AllInOneLogger_V1/Drivers/STM32F1xx_HAL_Driver/Inc" -I"C:/Users/Tom/workspace/AllInOneLogger_V1/Drivers/STM32F1xx_HAL_Driver/Inc/Legacy" -I"C:/Users/Tom/workspace/AllInOneLogger_V1/Drivers/CMSIS/Include" -I"C:/Users/Tom/workspace/AllInOneLogger_V1/Drivers/CMSIS/Device/ST/STM32F1xx/Include"  -Os -g3 -Wall -fmessage-length=0 -ffunction-sections -c -fmessage-length=0 -MMD -MP -MF"Drivers/STM32F1xx_HAL_Driver/Src/stm32f1xx_hal_adc.d" -MT"Drivers/STM32F1xx_HAL_Driver/Src/stm32f1xx_hal_adc.o" -o "Drivers/STM32F1xx_HAL_Driver/Src/stm32f1xx_hal_adc.o" "../Drivers/STM32F1xx_HAL_Driver/Src/stm32f1xx_hal_adc.c"
'Finished building: ../Drivers/STM32F1xx_HAL_Driver/Src/stm32f1xx_hal_adc.c'
' '
'Building file: ../Drivers/STM32F1xx_HAL_Driver/Src/stm32f1xx_hal_adc_ex.c'
'Invoking: MCU GCC Compiler'
C:\Users\Tom\workspace\AllInOneLogger_V1\Debug
arm-none-eabi-gcc -mcpu=cortex-m3 -mthumb -mfloat-abi=soft -D__weak="__attribute__((weak))" -D__packed="__attribute__((__packed__))" -DUSE_HAL_DRIVER -DSTM32F103xB -I"C:/Users/Tom/workspace/AllInOneLogger_V1/Inc" -I"C:/Users/Tom/workspace/AllInOneLogger_V1/Drivers/STM32F1xx_HAL_Driver/Inc" -I"C:/Users/Tom/workspace/AllInOneLogger_V1/Drivers/STM32F1xx_HAL_Driver/Inc/Legacy" -I"C:/Users/Tom/workspace/AllInOneLogger_V1/Drivers/CMSIS/Include" -I"C:/Users/Tom/workspace/AllInOneLogger_V1/Drivers/CMSIS/Device/ST/STM32F1xx/Include"  -Os -g3 -Wall -fmessage-length=0 -ffunction-sections -c -fmessage-length=0 -MMD -MP -MF"Drivers/STM32F1xx_HAL_Driver/Src/stm32f1xx_hal_adc_ex.d" -MT"Drivers/STM32F1xx_HAL_Driver/Src/stm32f1xx_hal_adc_ex.o" -o "Drivers/STM32F1xx_HAL_Driver/Src/stm32f1xx_hal_adc_ex.o" "../Drivers/STM32F1xx_HAL_Driver/Src/stm32f1xx_hal_adc_ex.c"
'Finished building: ../Drivers/STM32F1xx_HAL_Driver/Src/stm32f1xx_hal_adc_ex.c'
' '
'Building file: ../Drivers/STM32F1xx_HAL_Driver/Src/stm32f1xx_hal_cortex.c'
'Invoking: MCU GCC Compiler'
C:\Users\Tom\workspace\AllInOneLogger_V1\Debug
arm-none-eabi-gcc -mcpu=cortex-m3 -mthumb -mfloat-abi=soft -D__weak="__attribute__((weak))" -D__packed="__attribute__((__packed__))" -DUSE_HAL_DRIVER -DSTM32F103xB -I"C:/Users/Tom/workspace/AllInOneLogger_V1/Inc" -I"C:/Users/Tom/workspace/AllInOneLogger_V1/Drivers/STM32F1xx_HAL_Driver/Inc" -I"C:/Users/Tom/workspace/AllInOneLogger_V1/Drivers/STM32F1xx_HAL_Driver/Inc/Legacy" -I"C:/Users/Tom/workspace/AllInOneLogger_V1/Drivers/CMSIS/Include" -I"C:/Users/Tom/workspace/AllInOneLogger_V1/Drivers/CMSIS/Device/ST/STM32F1xx/Include"  -Os -g3 -Wall -fmessage-length=0 -ffunction-sections -c -fmessage-length=0 -MMD -MP -MF"Drivers/STM32F1xx_HAL_Driver/Src/stm32f1xx_hal_cortex.d" -MT"Drivers/STM32F1xx_HAL_Driver/Src/stm32f1xx_hal_cortex.o" -o "Drivers/STM32F1xx_HAL_Driver/Src/stm32f1xx_hal_cortex.o" "../Drivers/STM32F1xx_HAL_Driver/Src/stm32f1xx_hal_cortex.c"
'Finished building: ../Drivers/STM32F1xx_HAL_Driver/Src/stm32f1xx_hal_cortex.c'
' '
'Building file: ../Drivers/STM32F1xx_HAL_Driver/Src/stm32f1xx_hal_dma.c'
'Invoking: MCU GCC Compiler'
C:\Users\Tom\workspace\AllInOneLogger_V1\Debug
arm-none-eabi-gcc -mcpu=cortex-m3 -mthumb -mfloat-abi=soft -D__weak="__attribute__((weak))" -D__packed="__attribute__((__packed__))" -DUSE_HAL_DRIVER -DSTM32F103xB -I"C:/Users/Tom/workspace/AllInOneLogger_V1/Inc" -I"C:/Users/Tom/workspace/AllInOneLogger_V1/Drivers/STM32F1xx_HAL_Driver/Inc" -I"C:/Users/Tom/workspace/AllInOneLogger_V1/Drivers/STM32F1xx_HAL_Driver/Inc/Legacy" -I"C:/Users/Tom/workspace/AllInOneLogger_V1/Drivers/CMSIS/Include" -I"C:/Users/Tom/workspace/AllInOneLogger_V1/Drivers/CMSIS/Device/ST/STM32F1xx/Include"  -Os -g3 -Wall -fmessage-length=0 -ffunction-sections -c -fmessage-length=0 -MMD -MP -MF"Drivers/STM32F1xx_HAL_Driver/Src/stm32f1xx_hal_dma.d" -MT"Drivers/STM32F1xx_HAL_Driver/Src/stm32f1xx_hal_dma.o" -o "Drivers/STM32F1xx_HAL_Driver/Src/stm32f1xx_hal_dma.o" "../Drivers/STM32F1xx_HAL_Driver/Src/stm32f1xx_hal_dma.c"
'Finished building: ../Drivers/STM32F1xx_HAL_Driver/Src/stm32f1xx_hal_dma.c'
' '
'Building file: ../Drivers/STM32F1xx_HAL_Driver/Src/stm32f1xx_hal_flash.c'
'Invoking: MCU GCC Compiler'
C:\Users\Tom\workspace\AllInOneLogger_V1\Debug
arm-none-eabi-gcc -mcpu=cortex-m3 -mthumb -mfloat-abi=soft -D__weak="__attribute__((weak))" -D__packed="__attribute__((__packed__))" -DUSE_HAL_DRIVER -DSTM32F103xB -I"C:/Users/Tom/workspace/AllInOneLogger_V1/Inc" -I"C:/Users/Tom/workspace/AllInOneLogger_V1/Drivers/STM32F1xx_HAL_Driver/Inc" -I"C:/Users/Tom/workspace/AllInOneLogger_V1/Drivers/STM32F1xx_HAL_Driver/Inc/Legacy" -I"C:/Users/Tom/workspace/AllInOneLogger_V1/Drivers/CMSIS/Include" -I"C:/Users/Tom/workspace/AllInOneLogger_V1/Drivers/CMSIS/Device/ST/STM32F1xx/Include"  -Os -g3 -Wall -fmessage-length=0 -ffunction-sections -c -fmessage-length=0 -MMD -MP -MF"Drivers/STM32F1xx_HAL_Driver/Src/stm32f1xx_hal_flash.d" -MT"Drivers/STM32F1xx_HAL_Driver/Src/stm32f1xx_hal_flash.o" -o "Drivers/STM32F1xx_HAL_Driver/Src/stm32f1xx_hal_flash.o" "../Drivers/STM32F1xx_HAL_Driver/Src/stm32f1xx_hal_flash.c"
'Finished building: ../Drivers/STM32F1xx_HAL_Driver/Src/stm32f1xx_hal_flash.c'
' '
'Building file: ../Drivers/STM32F1xx_HAL_Driver/Src/stm32f1xx_hal_flash_ex.c'
'Invoking: MCU GCC Compiler'
C:\Users\Tom\workspace\AllInOneLogger_V1\Debug
arm-none-eabi-gcc -mcpu=cortex-m3 -mthumb -mfloat-abi=soft -D__weak="__attribute__((weak))" -D__packed="__attribute__((__packed__))" -DUSE_HAL_DRIVER -DSTM32F103xB -I"C:/Users/Tom/workspace/AllInOneLogger_V1/Inc" -I"C:/Users/Tom/workspace/AllInOneLogger_V1/Drivers/STM32F1xx_HAL_Driver/Inc" -I"C:/Users/Tom/workspace/AllInOneLogger_V1/Drivers/STM32F1xx_HAL_Driver/Inc/Legacy" -I"C:/Users/Tom/workspace/AllInOneLogger_V1/Drivers/CMSIS/Include" -I"C:/Users/Tom/workspace/AllInOneLogger_V1/Drivers/CMSIS/Device/ST/STM32F1xx/Include"  -Os -g3 -Wall -fmessage-length=0 -ffunction-sections -c -fmessage-length=0 -MMD -MP -MF"Drivers/STM32F1xx_HAL_Driver/Src/stm32f1xx_hal_flash_ex.d" -MT"Drivers/STM32F1xx_HAL_Driver/Src/stm32f1xx_hal_flash_ex.o" -o "Drivers/STM32F1xx_HAL_Driver/Src/stm32f1xx_hal_flash_ex.o" "../Drivers/STM32F1xx_HAL_Driver/Src/stm32f1xx_hal_flash_ex.c"
'Finished building: ../Drivers/STM32F1xx_HAL_Driver/Src/stm32f1xx_hal_flash_ex.c'
' '
'Building file: ../Drivers/STM32F1xx_HAL_Driver/Src/stm32f1xx_hal_gpio.c'
'Invoking: MCU GCC Compiler'
C:\Users\Tom\workspace\AllInOneLogger_V1\Debug
arm-none-eabi-gcc -mcpu=cortex-m3 -mthumb -mfloat-abi=soft -D__weak="__attribute__((weak))" -D__packed="__attribute__((__packed__))" -DUSE_HAL_DRIVER -DSTM32F103xB -I"C:/Users/Tom/workspace/AllInOneLogger_V1/Inc" -I"C:/Users/Tom/workspace/AllInOneLogger_V1/Drivers/STM32F1xx_HAL_Driver/Inc" -I"C:/Users/Tom/workspace/AllInOneLogger_V1/Drivers/STM32F1xx_HAL_Driver/Inc/Legacy" -I"C:/Users/Tom/workspace/AllInOneLogger_V1/Drivers/CMSIS/Include" -I"C:/Users/Tom/workspace/AllInOneLogger_V1/Drivers/CMSIS/Device/ST/STM32F1xx/Include"  -Os -g3 -Wall -fmessage-length=0 -ffunction-sections -c -fmessage-length=0 -MMD -MP -MF"Drivers/STM32F1xx_HAL_Driver/Src/stm32f1xx_hal_gpio.d" -MT"Drivers/STM32F1xx_HAL_Driver/Src/stm32f1xx_hal_gpio.o" -o "Drivers/STM32F1xx_HAL_Driver/Src/stm32f1xx_hal_gpio.o" "../Drivers/STM32F1xx_HAL_Driver/Src/stm32f1xx_hal_gpio.c"
'Finished building: ../Drivers/STM32F1xx_HAL_Driver/Src/stm32f1xx_hal_gpio.c'
' '
'Building file: ../Drivers/STM32F1xx_HAL_Driver/Src/stm32f1xx_hal_gpio_ex.c'
'Invoking: MCU GCC Compiler'
C:\Users\Tom\workspace\AllInOneLogger_V1\Debug
arm-none-eabi-gcc -mcpu=cortex-m3 -mthumb -mfloat-abi=soft -D__weak="__attribute__((weak))" -D__packed="__attribute__((__packed__))" -DUSE_HAL_DRIVER -DSTM32F103xB -I"C:/Users/Tom/workspace/AllInOneLogger_V1/Inc" -I"C:/Users/Tom/workspace/AllInOneLogger_V1/Drivers/STM32F1xx_HAL_Driver/Inc" -I"C:/Users/Tom/workspace/AllInOneLogger_V1/Drivers/STM32F1xx_HAL_Driver/Inc/Legacy" -I"C:/Users/Tom/workspace/AllInOneLogger_V1/Drivers/CMSIS/Include" -I"C:/Users/Tom/workspace/AllInOneLogger_V1/Drivers/CMSIS/Device/ST/STM32F1xx/Include"  -Os -g3 -Wall -fmessage-length=0 -ffunction-sections -c -fmessage-length=0 -MMD -MP -MF"Drivers/STM32F1xx_HAL_Driver/Src/stm32f1xx_hal_gpio_ex.d" -MT"Drivers/STM32F1xx_HAL_Driver/Src/stm32f1xx_hal_gpio_ex.o" -o "Drivers/STM32F1xx_HAL_Driver/Src/stm32f1xx_hal_gpio_ex.o" "../Drivers/STM32F1xx_HAL_Driver/Src/stm32f1xx_hal_gpio_ex.c"
'Finished building: ../Drivers/STM32F1xx_HAL_Driver/Src/stm32f1xx_hal_gpio_ex.c'
' '
'Building file: ../Drivers/STM32F1xx_HAL_Driver/Src/stm32f1xx_hal_i2c.c'
'Invoking: MCU GCC Compiler'
C:\Users\Tom\workspace\AllInOneLogger_V1\Debug
arm-none-eabi-gcc -mcpu=cortex-m3 -mthumb -mfloat-abi=soft -D__weak="__attribute__((weak))" -D__packed="__attribute__((__packed__))" -DUSE_HAL_DRIVER -DSTM32F103xB -I"C:/Users/Tom/workspace/AllInOneLogger_V1/Inc" -I"C:/Users/Tom/workspace/AllInOneLogger_V1/Drivers/STM32F1xx_HAL_Driver/Inc" -I"C:/Users/Tom/workspace/AllInOneLogger_V1/Drivers/STM32F1xx_HAL_Driver/Inc/Legacy" -I"C:/Users/Tom/workspace/AllInOneLogger_V1/Drivers/CMSIS/Include" -I"C:/Users/Tom/workspace/AllInOneLogger_V1/Drivers/CMSIS/Device/ST/STM32F1xx/Include"  -Os -g3 -Wall -fmessage-length=0 -ffunction-sections -c -fmessage-length=0 -MMD -MP -MF"Drivers/STM32F1xx_HAL_Driver/Src/stm32f1xx_hal_i2c.d" -MT"Drivers/STM32F1xx_HAL_Driver/Src/stm32f1xx_hal_i2c.o" -o "Drivers/STM32F1xx_HAL_Driver/Src/stm32f1xx_hal_i2c.o" "../Drivers/STM32F1xx_HAL_Driver/Src/stm32f1xx_hal_i2c.c"
'Finished building: ../Drivers/STM32F1xx_HAL_Driver/Src/stm32f1xx_hal_i2c.c'
' '
'Building file: ../Drivers/STM32F1xx_HAL_Driver/Src/stm32f1xx_hal_pwr.c'
'Invoking: MCU GCC Compiler'
C:\Users\Tom\workspace\AllInOneLogger_V1\Debug
arm-none-eabi-gcc -mcpu=cortex-m3 -mthumb -mfloat-abi=soft -D__weak="__attribute__((weak))" -D__packed="__attribute__((__packed__))" -DUSE_HAL_DRIVER -DSTM32F103xB -I"C:/Users/Tom/workspace/AllInOneLogger_V1/Inc" -I"C:/Users/Tom/workspace/AllInOneLogger_V1/Drivers/STM32F1xx_HAL_Driver/Inc" -I"C:/Users/Tom/workspace/AllInOneLogger_V1/Drivers/STM32F1xx_HAL_Driver/Inc/Legacy" -I"C:/Users/Tom/workspace/AllInOneLogger_V1/Drivers/CMSIS/Include" -I"C:/Users/Tom/workspace/AllInOneLogger_V1/Drivers/CMSIS/Device/ST/STM32F1xx/Include"  -Os -g3 -Wall -fmessage-length=0 -ffunction-sections -c -fmessage-length=0 -MMD -MP -MF"Drivers/STM32F1xx_HAL_Driver/Src/stm32f1xx_hal_pwr.d" -MT"Drivers/STM32F1xx_HAL_Driver/Src/stm32f1xx_hal_pwr.o" -o "Drivers/STM32F1xx_HAL_Driver/Src/stm32f1xx_hal_pwr.o" "../Drivers/STM32F1xx_HAL_Driver/Src/stm32f1xx_hal_pwr.c"
'Finished building: ../Drivers/STM32F1xx_HAL_Driver/Src/stm32f1xx_hal_pwr.c'
' '
'Building file: ../Drivers/STM32F1xx_HAL_Driver/Src/stm32f1xx_hal_rcc.c'
'Invoking: MCU GCC Compiler'
C:\Users\Tom\workspace\AllInOneLogger_V1\Debug
arm-none-eabi-gcc -mcpu=cortex-m3 -mthumb -mfloat-abi=soft -D__weak="__attribute__((weak))" -D__packed="__attribute__((__packed__))" -DUSE_HAL_DRIVER -DSTM32F103xB -I"C:/Users/Tom/workspace/AllInOneLogger_V1/Inc" -I"C:/Users/Tom/workspace/AllInOneLogger_V1/Drivers/STM32F1xx_HAL_Driver/Inc" -I"C:/Users/Tom/workspace/AllInOneLogger_V1/Drivers/STM32F1xx_HAL_Driver/Inc/Legacy" -I"C:/Users/Tom/workspace/AllInOneLogger_V1/Drivers/CMSIS/Include" -I"C:/Users/Tom/workspace/AllInOneLogger_V1/Drivers/CMSIS/Device/ST/STM32F1xx/Include"  -Os -g3 -Wall -fmessage-length=0 -ffunction-sections -c -fmessage-length=0 -MMD -MP -MF"Drivers/STM32F1xx_HAL_Driver/Src/stm32f1xx_hal_rcc.d" -MT"Drivers/STM32F1xx_HAL_Driver/Src/stm32f1xx_hal_rcc.o" -o "Drivers/STM32F1xx_HAL_Driver/Src/stm32f1xx_hal_rcc.o" "../Drivers/STM32F1xx_HAL_Driver/Src/stm32f1xx_hal_rcc.c"
'Finished building: ../Drivers/STM32F1xx_HAL_Driver/Src/stm32f1xx_hal_rcc.c'
' '
'Building file: ../Drivers/STM32F1xx_HAL_Driver/Src/stm32f1xx_hal_rcc_ex.c'
'Invoking: MCU GCC Compiler'
C:\Users\Tom\workspace\AllInOneLogger_V1\Debug
arm-none-eabi-gcc -mcpu=cortex-m3 -mthumb -mfloat-abi=soft -D__weak="__attribute__((weak))" -D__packed="__attribute__((__packed__))" -DUSE_HAL_DRIVER -DSTM32F103xB -I"C:/Users/Tom/workspace/AllInOneLogger_V1/Inc" -I"C:/Users/Tom/workspace/AllInOneLogger_V1/Drivers/STM32F1xx_HAL_Driver/Inc" -I"C:/Users/Tom/workspace/AllInOneLogger_V1/Drivers/STM32F1xx_HAL_Driver/Inc/Legacy" -I"C:/Users/Tom/workspace/AllInOneLogger_V1/Drivers/CMSIS/Include" -I"C:/Users/Tom/workspace/AllInOneLogger_V1/Drivers/CMSIS/Device/ST/STM32F1xx/Include"  -Os -g3 -Wall -fmessage-length=0 -ffunction-sections -c -fmessage-length=0 -MMD -MP -MF"Drivers/STM32F1xx_HAL_Driver/Src/stm32f1xx_hal_rcc_ex.d" -MT"Drivers/STM32F1xx_HAL_Driver/Src/stm32f1xx_hal_rcc_ex.o" -o "Drivers/STM32F1xx_HAL_Driver/Src/stm32f1xx_hal_rcc_ex.o" "../Drivers/STM32F1xx_HAL_Driver/Src/stm32f1xx_hal_rcc_ex.c"
'Finished building: ../Drivers/STM32F1xx_HAL_Driver/Src/stm32f1xx_hal_rcc_ex.c'
' '
'Building file: ../Drivers/STM32F1xx_HAL_Driver/Src/stm32f1xx_hal_rtc.c'
'Invoking: MCU GCC Compiler'
C:\Users\Tom\workspace\AllInOneLogger_V1\Debug
arm-none-eabi-gcc -mcpu=cortex-m3 -mthumb -mfloat-abi=soft -D__weak="__attribute__((weak))" -D__packed="__attribute__((__packed__))" -DUSE_HAL_DRIVER -DSTM32F103xB -I"C:/Users/Tom/workspace/AllInOneLogger_V1/Inc" -I"C:/Users/Tom/workspace/AllInOneLogger_V1/Drivers/STM32F1xx_HAL_Driver/Inc" -I"C:/Users/Tom/workspace/AllInOneLogger_V1/Drivers/STM32F1xx_HAL_Driver/Inc/Legacy" -I"C:/Users/Tom/workspace/AllInOneLogger_V1/Drivers/CMSIS/Include" -I"C:/Users/Tom/workspace/AllInOneLogger_V1/Drivers/CMSIS/Device/ST/STM32F1xx/Include"  -Os -g3 -Wall -fmessage-length=0 -ffunction-sections -c -fmessage-length=0 -MMD -MP -MF"Drivers/STM32F1xx_HAL_Driver/Src/stm32f1xx_hal_rtc.d" -MT"Drivers/STM32F1xx_HAL_Driver/Src/stm32f1xx_hal_rtc.o" -o "Drivers/STM32F1xx_HAL_Driver/Src/stm32f1xx_hal_rtc.o" "../Drivers/STM32F1xx_HAL_Driver/Src/stm32f1xx_hal_rtc.c"
'Finished building: ../Drivers/STM32F1xx_HAL_Driver/Src/stm32f1xx_hal_rtc.c'
' '
'Building file: ../Drivers/STM32F1xx_HAL_Driver/Src/stm32f1xx_hal_rtc_ex.c'
'Invoking: MCU GCC Compiler'
C:\Users\Tom\workspace\AllInOneLogger_V1\Debug
arm-none-eabi-gcc -mcpu=cortex-m3 -mthumb -mfloat-abi=soft -D__weak="__attribute__((weak))" -D__packed="__attribute__((__packed__))" -DUSE_HAL_DRIVER -DSTM32F103xB -I"C:/Users/Tom/workspace/AllInOneLogger_V1/Inc" -I"C:/Users/Tom/workspace/AllInOneLogger_V1/Drivers/STM32F1xx_HAL_Driver/Inc" -I"C:/Users/Tom/workspace/AllInOneLogger_V1/Drivers/STM32F1xx_HAL_Driver/Inc/Legacy" -I"C:/Users/Tom/workspace/AllInOneLogger_V1/Drivers/CMSIS/Include" -I"C:/Users/Tom/workspace/AllInOneLogger_V1/Drivers/CMSIS/Device/ST/STM32F1xx/Include"  -Os -g3 -Wall -fmessage-length=0 -ffunction-sections -c -fmessage-length=0 -MMD -MP -MF"Drivers/STM32F1xx_HAL_Driver/Src/stm32f1xx_hal_rtc_ex.d" -MT"Drivers/STM32F1xx_HAL_Driver/Src/stm32f1xx_hal_rtc_ex.o" -o "Drivers/STM32F1xx_HAL_Driver/Src/stm32f1xx_hal_rtc_ex.o" "../Drivers/STM32F1xx_HAL_Driver/Src/stm32f1xx_hal_rtc_ex.c"
'Finished building: ../Drivers/STM32F1xx_HAL_Driver/Src/stm32f1xx_hal_rtc_ex.c'
' '
'Building file: ../Drivers/STM32F1xx_HAL_Driver/Src/stm32f1xx_hal_spi.c'
'Invoking: MCU GCC Compiler'
C:\Users\Tom\workspace\AllInOneLogger_V1\Debug
arm-none-eabi-gcc -mcpu=cortex-m3 -mthumb -mfloat-abi=soft -D__weak="__attribute__((weak))" -D__packed="__attribute__((__packed__))" -DUSE_HAL_DRIVER -DSTM32F103xB -I"C:/Users/Tom/workspace/AllInOneLogger_V1/Inc" -I"C:/Users/Tom/workspace/AllInOneLogger_V1/Drivers/STM32F1xx_HAL_Driver/Inc" -I"C:/Users/Tom/workspace/AllInOneLogger_V1/Drivers/STM32F1xx_HAL_Driver/Inc/Legacy" -I"C:/Users/Tom/workspace/AllInOneLogger_V1/Drivers/CMSIS/Include" -I"C:/Users/Tom/workspace/AllInOneLogger_V1/Drivers/CMSIS/Device/ST/STM32F1xx/Include"  -Os -g3 -Wall -fmessage-length=0 -ffunction-sections -c -fmessage-length=0 -MMD -MP -MF"Drivers/STM32F1xx_HAL_Driver/Src/stm32f1xx_hal_spi.d" -MT"Drivers/STM32F1xx_HAL_Driver/Src/stm32f1xx_hal_spi.o" -o "Drivers/STM32F1xx_HAL_Driver/Src/stm32f1xx_hal_spi.o" "../Drivers/STM32F1xx_HAL_Driver/Src/stm32f1xx_hal_spi.c"
'Finished building: ../Drivers/STM32F1xx_HAL_Driver/Src/stm32f1xx_hal_spi.c'
' '
'Building file: ../Drivers/STM32F1xx_HAL_Driver/Src/stm32f1xx_hal_spi_ex.c'
'Invoking: MCU GCC Compiler'
C:\Users\Tom\workspace\AllInOneLogger_V1\Debug
arm-none-eabi-gcc -mcpu=cortex-m3 -mthumb -mfloat-abi=soft -D__weak="__attribute__((weak))" -D__packed="__attribute__((__packed__))" -DUSE_HAL_DRIVER -DSTM32F103xB -I"C:/Users/Tom/workspace/AllInOneLogger_V1/Inc" -I"C:/Users/Tom/workspace/AllInOneLogger_V1/Drivers/STM32F1xx_HAL_Driver/Inc" -I"C:/Users/Tom/workspace/AllInOneLogger_V1/Drivers/STM32F1xx_HAL_Driver/Inc/Legacy" -I"C:/Users/Tom/workspace/AllInOneLogger_V1/Drivers/CMSIS/Include" -I"C:/Users/Tom/workspace/AllInOneLogger_V1/Drivers/CMSIS/Device/ST/STM32F1xx/Include"  -Os -g3 -Wall -fmessage-length=0 -ffunction-sections -c -fmessage-length=0 -MMD -MP -MF"Drivers/STM32F1xx_HAL_Driver/Src/stm32f1xx_hal_spi_ex.d" -MT"Drivers/STM32F1xx_HAL_Driver/Src/stm32f1xx_hal_spi_ex.o" -o "Drivers/STM32F1xx_HAL_Driver/Src/stm32f1xx_hal_spi_ex.o" "../Drivers/STM32F1xx_HAL_Driver/Src/stm32f1xx_hal_spi_ex.c"
'Finished building: ../Drivers/STM32F1xx_HAL_Driver/Src/stm32f1xx_hal_spi_ex.c'
' '
'Building file: ../Drivers/STM32F1xx_HAL_Driver/Src/stm32f1xx_hal_tim.c'
'Invoking: MCU GCC Compiler'
C:\Users\Tom\workspace\AllInOneLogger_V1\Debug
arm-none-eabi-gcc -mcpu=cortex-m3 -mthumb -mfloat-abi=soft -D__weak="__attribute__((weak))" -D__packed="__attribute__((__packed__))" -DUSE_HAL_DRIVER -DSTM32F103xB -I"C:/Users/Tom/workspace/AllInOneLogger_V1/Inc" -I"C:/Users/Tom/workspace/AllInOneLogger_V1/Drivers/STM32F1xx_HAL_Driver/Inc" -I"C:/Users/Tom/workspace/AllInOneLogger_V1/Drivers/STM32F1xx_HAL_Driver/Inc/Legacy" -I"C:/Users/Tom/workspace/AllInOneLogger_V1/Drivers/CMSIS/Include" -I"C:/Users/Tom/workspace/AllInOneLogger_V1/Drivers/CMSIS/Device/ST/STM32F1xx/Include"  -Os -g3 -Wall -fmessage-length=0 -ffunction-sections -c -fmessage-length=0 -MMD -MP -MF"Drivers/STM32F1xx_HAL_Driver/Src/stm32f1xx_hal_tim.d" -MT"Drivers/STM32F1xx_HAL_Driver/Src/stm32f1xx_hal_tim.o" -o "Drivers/STM32F1xx_HAL_Driver/Src/stm32f1xx_hal_tim.o" "../Drivers/STM32F1xx_HAL_Driver/Src/stm32f1xx_hal_tim.c"
'Finished building: ../Drivers/STM32F1xx_HAL_Driver/Src/stm32f1xx_hal_tim.c'
' '
'Building file: ../Drivers/STM32F1xx_HAL_Driver/Src/stm32f1xx_hal_tim_ex.c'
'Invoking: MCU GCC Compiler'
C:\Users\Tom\workspace\AllInOneLogger_V1\Debug
arm-none-eabi-gcc -mcpu=cortex-m3 -mthumb -mfloat-abi=soft -D__weak="__attribute__((weak))" -D__packed="__attribute__((__packed__))" -DUSE_HAL_DRIVER -DSTM32F103xB -I"C:/Users/Tom/workspace/AllInOneLogger_V1/Inc" -I"C:/Users/Tom/workspace/AllInOneLogger_V1/Drivers/STM32F1xx_HAL_Driver/Inc" -I"C:/Users/Tom/workspace/AllInOneLogger_V1/Drivers/STM32F1xx_HAL_Driver/Inc/Legacy" -I"C:/Users/Tom/workspace/AllInOneLogger_V1/Drivers/CMSIS/Include" -I"C:/Users/Tom/workspace/AllInOneLogger_V1/Drivers/CMSIS/Device/ST/STM32F1xx/Include"  -Os -g3 -Wall -fmessage-length=0 -ffunction-sections -c -fmessage-length=0 -MMD -MP -MF"Drivers/STM32F1xx_HAL_Driver/Src/stm32f1xx_hal_tim_ex.d" -MT"Drivers/STM32F1xx_HAL_Driver/Src/stm32f1xx_hal_tim_ex.o" -o "Drivers/STM32F1xx_HAL_Driver/Src/stm32f1xx_hal_tim_ex.o" "../Drivers/STM32F1xx_HAL_Driver/Src/stm32f1xx_hal_tim_ex.c"
'Finished building: ../Drivers/STM32F1xx_HAL_Driver/Src/stm32f1xx_hal_tim_ex.c'
' '
'Building file: ../Drivers/STM32F1xx_HAL_Driver/Src/stm32f1xx_hal_uart.c'
'Invoking: MCU GCC Compiler'
C:\Users\Tom\workspace\AllInOneLogger_V1\Debug
arm-none-eabi-gcc -mcpu=cortex-m3 -mthumb -mfloat-abi=soft -D__weak="__attribute__((weak))" -D__packed="__attribute__((__packed__))" -DUSE_HAL_DRIVER -DSTM32F103xB -I"C:/Users/Tom/workspace/AllInOneLogger_V1/Inc" -I"C:/Users/Tom/workspace/AllInOneLogger_V1/Drivers/STM32F1xx_HAL_Driver/Inc" -I"C:/Users/Tom/workspace/AllInOneLogger_V1/Drivers/STM32F1xx_HAL_Driver/Inc/Legacy" -I"C:/Users/Tom/workspace/AllInOneLogger_V1/Drivers/CMSIS/Include" -I"C:/Users/Tom/workspace/AllInOneLogger_V1/Drivers/CMSIS/Device/ST/STM32F1xx/Include"  -Os -g3 -Wall -fmessage-length=0 -ffunction-sections -c -fmessage-length=0 -MMD -MP -MF"Drivers/STM32F1xx_HAL_Driver/Src/stm32f1xx_hal_uart.d" -MT"Drivers/STM32F1xx_HAL_Driver/Src/stm32f1xx_hal_uart.o" -o "Drivers/STM32F1xx_HAL_Driver/Src/stm32f1xx_hal_uart.o" "../Drivers/STM32F1xx_HAL_Driver/Src/stm32f1xx_hal_uart.c"
'Finished building: ../Drivers/STM32F1xx_HAL_Driver/Src/stm32f1xx_hal_uart.c'
' '
'Building file: ../Drivers/CMSIS/Device/ST/STM32F1xx/Source/Templates/system_stm32f1xx.c'
'Invoking: MCU GCC Compiler'
C:\Users\Tom\workspace\AllInOneLogger_V1\Debug
arm-none-eabi-gcc -mcpu=cortex-m3 -mthumb -mfloat-abi=soft -D__weak="__attribute__((weak))" -D__packed="__attribute__((__packed__))" -DUSE_HAL_DRIVER -DSTM32F103xB -I"C:/Users/Tom/workspace/AllInOneLogger_V1/Inc" -I"C:/Users/Tom/workspace/AllInOneLogger_V1/Drivers/STM32F1xx_HAL_Driver/Inc" -I"C:/Users/Tom/workspace/AllInOneLogger_V1/Drivers/STM32F1xx_HAL_Driver/Inc/Legacy" -I"C:/Users/Tom/workspace/AllInOneLogger_V1/Drivers/CMSIS/Include" -I"C:/Users/Tom/workspace/AllInOneLogger_V1/Drivers/CMSIS/Device/ST/STM32F1xx/Include"  -Os -g3 -Wall -fmessage-length=0 -ffunction-sections -c -fmessage-length=0 -MMD -MP -MF"Drivers/CMSIS/Device/ST/STM32F1xx/Source/Templates/system_stm32f1xx.d" -MT"Drivers/CMSIS/Device/ST/STM32F1xx/Source/Templates/system_stm32f1xx.o" -o "Drivers/CMSIS/Device/ST/STM32F1xx/Source/Templates/system_stm32f1xx.o" "../Drivers/CMSIS/Device/ST/STM32F1xx/Source/Templates/system_stm32f1xx.c"
'Finished building: ../Drivers/CMSIS/Device/ST/STM32F1xx/Source/Templates/system_stm32f1xx.c'
' '
'Building target: AllInOneLogger_V1.elf'
'Invoking: MCU GCC Linker'
arm-none-eabi-gcc -mcpu=cortex-m3 -mthumb -mfloat-abi=soft -specs=nosys.specs -specs=nano.specs -T"../STM32F103C8Tx_FLASH.ld" -Wl,-Map=output.map -Wl,--gc-sections -lm -o "AllInOneLogger_V1.elf" @"objects.list"  
'Finished building target: AllInOneLogger_V1.elf'
' '
make --no-print-directory post-build
'Generating binary and Printing size information:'
arm-none-eabi-objcopy -O binary "AllInOneLogger_V1.elf" "AllInOneLogger_V1.bin"
arm-none-eabi-size "AllInOneLogger_V1.elf"
   text	   data	    bss	    dec	    hex	filename
  16448	    112	   2024	  18584	   4898	AllInOneLogger_V1.elf
' '
15:05:21 **** Incremental Build of configuration Debug for project AllInOneLogger_V1 ****
make all 
'Building file: ../Src/main.c'
'Invoking: MCU GCC Compiler'
C:\Users\Tom\workspace\AllInOneLogger_V1\Debug
[...]
'Finished building: ../Drivers/STM32F1xx_HAL_Driver/Src/stm32f1xx_hal_spi_ex.c'
' '
'Building file: ../Drivers/STM32F1xx_HAL_Driver/Src/stm32f1xx_hal_tim.c'
'Invoking: MCU GCC Compiler'
C:\Users\Tom\workspace\AllInOneLogger_V1\Debug
arm-none-eabi-gcc -mcpu=cortex-m3 -mthumb -mfloat-abi=soft -D__weak="__attribute__((weak))" -D__packed="__attribute__((__packed__))" -DUSE_HAL_DRIVER -DSTM32F103xB -I"C:/Users/Tom/workspace/AllInOneLogger_V1/Inc" -I"C:/Users/Tom/workspace/AllInOneLogger_V1/Drivers/STM32F1xx_HAL_Driver/Inc" -I"C:/Users/Tom/workspace/AllInOneLogger_V1/Drivers/STM32F1xx_HAL_Driver/Inc/Legacy" -I"C:/Users/Tom/workspace/AllInOneLogger_V1/Drivers/CMSIS/Include" -I"C:/Users/Tom/workspace/AllInOneLogger_V1/Drivers/CMSIS/Device/ST/STM32F1xx/Include"  -Os -g3 -Wall -fmessage-length=0 -ffunction-sections -c -fmessage-length=0 -MMD -MP -MF"Drivers/STM32F1xx_HAL_Driver/Src/stm32f1xx_hal_tim.d" -MT"Drivers/STM32F1xx_HAL_Driver/Src/stm32f1xx_hal_tim.o" -o "Drivers/STM32F1xx_HAL_Driver/Src/stm32f1xx_hal_tim.o" "../Drivers/STM32F1xx_HAL_Driver/Src/stm32f1xx_hal_tim.c"
'Finished building: ../Drivers/STM32F1xx_HAL_Driver/Src/stm32f1xx_hal_tim.c'
' '
'Building file: ../Drivers/STM32F1xx_HAL_Driver/Src/stm32f1xx_hal_tim_ex.c'
'Invoking: MCU GCC Compiler'
C:\Users\Tom\workspace\AllInOneLogger_V1\Debug
arm-none-eabi-gcc -mcpu=cortex-m3 -mthumb -mfloat-abi=soft -D__weak="__attribute__((weak))" -D__packed="__attribute__((__packed__))" -DUSE_HAL_DRIVER -DSTM32F103xB -I"C:/Users/Tom/workspace/AllInOneLogger_V1/Inc" -I"C:/Users/Tom/workspace/AllInOneLogger_V1/Drivers/STM32F1xx_HAL_Driver/Inc" -I"C:/Users/Tom/workspace/AllInOneLogger_V1/Drivers/STM32F1xx_HAL_Driver/Inc/Legacy" -I"C:/Users/Tom/workspace/AllInOneLogger_V1/Drivers/CMSIS/Include" -I"C:/Users/Tom/workspace/AllInOneLogger_V1/Drivers/CMSIS/Device/ST/STM32F1xx/Include"  -Os -g3 -Wall -fmessage-length=0 -ffunction-sections -c -fmessage-length=0 -MMD -MP -MF"Drivers/STM32F1xx_HAL_Driver/Src/stm32f1xx_hal_tim_ex.d" -MT"Drivers/STM32F1xx_HAL_Driver/Src/stm32f1xx_hal_tim_ex.o" -o "Drivers/STM32F1xx_HAL_Driver/Src/stm32f1xx_hal_tim_ex.o" "../Drivers/STM32F1xx_HAL_Driver/Src/stm32f1xx_hal_tim_ex.c"
'Finished building: ../Drivers/STM32F1xx_HAL_Driver/Src/stm32f1xx_hal_tim_ex.c'
' '
'Building file: ../Drivers/STM32F1xx_HAL_Driver/Src/stm32f1xx_hal_uart.c'
'Invoking: MCU GCC Compiler'
C:\Users\Tom\workspace\AllInOneLogger_V1\Debug
arm-none-eabi-gcc -mcpu=cortex-m3 -mthumb -mfloat-abi=soft -D__weak="__attribute__((weak))" -D__packed="__attribute__((__packed__))" -DUSE_HAL_DRIVER -DSTM32F103xB -I"C:/Users/Tom/workspace/AllInOneLogger_V1/Inc" -I"C:/Users/Tom/workspace/AllInOneLogger_V1/Drivers/STM32F1xx_HAL_Driver/Inc" -I"C:/Users/Tom/workspace/AllInOneLogger_V1/Drivers/STM32F1xx_HAL_Driver/Inc/Legacy" -I"C:/Users/Tom/workspace/AllInOneLogger_V1/Drivers/CMSIS/Include" -I"C:/Users/Tom/workspace/AllInOneLogger_V1/Drivers/CMSIS/Device/ST/STM32F1xx/Include"  -Os -g3 -Wall -fmessage-length=0 -ffunction-sections -c -fmessage-length=0 -MMD -MP -MF"Drivers/STM32F1xx_HAL_Driver/Src/stm32f1xx_hal_uart.d" -MT"Drivers/STM32F1xx_HAL_Driver/Src/stm32f1xx_hal_uart.o" -o "Drivers/STM32F1xx_HAL_Driver/Src/stm32f1xx_hal_uart.o" "../Drivers/STM32F1xx_HAL_Driver/Src/stm32f1xx_hal_uart.c"
'Finished building: ../Drivers/STM32F1xx_HAL_Driver/Src/stm32f1xx_hal_uart.c'
' '
'Building file: ../Drivers/CMSIS/Device/ST/STM32F1xx/Source/Templates/system_stm32f1xx.c'
'Invoking: MCU GCC Compiler'
C:\Users\Tom\workspace\AllInOneLogger_V1\Debug
arm-none-eabi-gcc -mcpu=cortex-m3 -mthumb -mfloat-abi=soft -D__weak="__attribute__((weak))" -D__packed="__attribute__((__packed__))" -DUSE_HAL_DRIVER -DSTM32F103xB -I"C:/Users/Tom/workspace/AllInOneLogger_V1/Inc" -I"C:/Users/Tom/workspace/AllInOneLogger_V1/Drivers/STM32F1xx_HAL_Driver/Inc" -I"C:/Users/Tom/workspace/AllInOneLogger_V1/Drivers/STM32F1xx_HAL_Driver/Inc/Legacy" -I"C:/Users/Tom/workspace/AllInOneLogger_V1/Drivers/CMSIS/Include" -I"C:/Users/Tom/workspace/AllInOneLogger_V1/Drivers/CMSIS/Device/ST/STM32F1xx/Include"  -Os -g3 -Wall -fmessage-length=0 -ffunction-sections -c -fmessage-length=0 -MMD -MP -MF"Drivers/CMSIS/Device/ST/STM32F1xx/Source/Templates/system_stm32f1xx.d" -MT"Drivers/CMSIS/Device/ST/STM32F1xx/Source/Templates/system_stm32f1xx.o" -o "Drivers/CMSIS/Device/ST/STM32F1xx/Source/Templates/system_stm32f1xx.o" "../Drivers/CMSIS/Device/ST/STM32F1xx/Source/Templates/system_stm32f1xx.c"
'Finished building: ../Drivers/CMSIS/Device/ST/STM32F1xx/Source/Templates/system_stm32f1xx.c'
' '
'Building target: AllInOneLogger_V1.elf'
'Invoking: MCU GCC Linker'
arm-none-eabi-gcc -mcpu=cortex-m3 -mthumb -mfloat-abi=soft -specs=nosys.specs -specs=nano.specs -T"../STM32F103C8Tx_FLASH.ld" -Wl,-Map=output.map -Wl,--gc-sections -lm -o "AllInOneLogger_V1.elf" @"objects.list"  
'Finished building target: AllInOneLogger_V1.elf'
' '
make --no-print-directory post-build
'Generating binary and Printing size information:'
arm-none-eabi-objcopy -O binary "AllInOneLogger_V1.elf" "AllInOneLogger_V1.bin"
arm-none-eabi-size "AllInOneLogger_V1.elf"
   text	   data	    bss	    dec	    hex	filename
  16512	    112	   2016	  18640	   48d0	AllInOneLogger_V1.elf
' '
17:41:42 **** Incremental Build of configuration Debug for project AllInOneLogger_V1 ****
make all 
'Building file: ../Src/main.c'
'Invoking: MCU GCC Compiler'
C:\Users\Tom\workspace\AllInOneLogger_V1\Debug
arm-none-eabi-gcc -mcpu=cortex-m3 -mthumb -mfloat-abi=soft -D__weak="__attribute__((weak))" -D__packed="__attribute__((__packed__))" -DUSE_HAL_DRIVER -DSTM32F103xB -I"C:/Users/Tom/workspace/AllInOneLogger_V1/Inc" -I"C:/Users/Tom/workspace/AllInOneLogger_V1/Drivers/STM32F1xx_HAL_Driver/Inc" -I"C:/Users/Tom/workspace/AllInOneLogger_V1/Drivers/STM32F1xx_HAL_Driver/Inc/Legacy" -I"C:/Users/Tom/workspace/AllInOneLogger_V1/Drivers/CMSIS/Include" -I"C:/Users/Tom/workspace/AllInOneLogger_V1/Drivers/CMSIS/Device/ST/STM32F1xx/Include"  -Os -g3 -Wall -fmessage-length=0 -ffunction-sections -c -fmessage-length=0 -MMD -MP -MF"Src/main.d" -MT"Src/main.o" -o "Src/main.o" "../Src/main.c"
'Finished building: ../Src/main.c'
' '
'Building target: AllInOneLogger_V1.elf'
'Invoking: MCU GCC Linker'
arm-none-eabi-gcc -mcpu=cortex-m3 -mthumb -mfloat-abi=soft -specs=nosys.specs -specs=nano.specs -T"../STM32F103C8Tx_FLASH.ld" -Wl,-Map=output.map -Wl,--gc-sections -lm -o "AllInOneLogger_V1.elf" @"objects.list"  
'Finished building target: AllInOneLogger_V1.elf'
' '
make --no-print-directory post-build
'Generating binary and Printing size information:'
arm-none-eabi-objcopy -O binary "AllInOneLogger_V1.elf" "AllInOneLogger_V1.bin"
arm-none-eabi-size "AllInOneLogger_V1.elf"
   text	   data	    bss	    dec	    hex	filename
  16532	    112	   2016	  18660	   48e4	AllInOneLogger_V1.elf
' '
17:45:25 **** Incremental Build of configuration Debug for project AllInOneLogger_V1 ****
make all 
'Building file: ../Src/main.c'
'Invoking: MCU GCC Compiler'
C:\Users\Tom\workspace\AllInOneLogger_V1\Debug
arm-none-eabi-gcc -mcpu=cortex-m3 -mthumb -mfloat-abi=soft -D__weak="__attribute__((weak))" -D__packed="__attribute__((__packed__))" -DUSE_HAL_DRIVER -DSTM32F103xB -I"C:/Users/Tom/workspace/AllInOneLogger_V1/Inc" -I"C:/Users/Tom/workspace/AllInOneLogger_V1/Drivers/STM32F1xx_HAL_Driver/Inc" -I"C:/Users/Tom/workspace/AllInOneLogger_V1/Drivers/STM32F1xx_HAL_Driver/Inc/Legacy" -I"C:/Users/Tom/workspace/AllInOneLogger_V1/Drivers/CMSIS/Include" -I"C:/Users/Tom/workspace/AllInOneLogger_V1/Drivers/CMSIS/Device/ST/STM32F1xx/Include"  -Os -g3 -Wall -fmessage-length=0 -ffunction-sections -c -fmessage-length=0 -MMD -MP -MF"Src/main.d" -MT"Src/main.o" -o "Src/main.o" "../Src/main.c"
'Finished building: ../Src/main.c'
' '
'Building target: AllInOneLogger_V1.elf'
'Invoking: MCU GCC Linker'
arm-none-eabi-gcc -mcpu=cortex-m3 -mthumb -mfloat-abi=soft -specs=nosys.specs -specs=nano.specs -T"../STM32F103C8Tx_FLASH.ld" -Wl,-Map=output.map -Wl,--gc-sections -lm -o "AllInOneLogger_V1.elf" @"objects.list"  
'Finished building target: AllInOneLogger_V1.elf'
' '
make --no-print-directory post-build
'Generating binary and Printing size information:'
arm-none-eabi-objcopy -O binary "AllInOneLogger_V1.elf" "AllInOneLogger_V1.bin"
arm-none-eabi-size "AllInOneLogger_V1.elf"
   text	   data	    bss	    dec	    hex	filename
  16476	    112	   2016	  18604	   48ac	AllInOneLogger_V1.elf
' '
17:46:46 **** Incremental Build of configuration Debug for project AllInOneLogger_V1 ****
make all 
'Building file: ../Src/main.c'
'Invoking: MCU GCC Compiler'
C:\Users\Tom\workspace\AllInOneLogger_V1\Debug
arm-none-eabi-gcc -mcpu=cortex-m3 -mthumb -mfloat-abi=soft -D__weak="__attribute__((weak))" -D__packed="__attribute__((__packed__))" -DUSE_HAL_DRIVER -DSTM32F103xB -I"C:/Users/Tom/workspace/AllInOneLogger_V1/Inc" -I"C:/Users/Tom/workspace/AllInOneLogger_V1/Drivers/STM32F1xx_HAL_Driver/Inc" -I"C:/Users/Tom/workspace/AllInOneLogger_V1/Drivers/STM32F1xx_HAL_Driver/Inc/Legacy" -I"C:/Users/Tom/workspace/AllInOneLogger_V1/Drivers/CMSIS/Include" -I"C:/Users/Tom/workspace/AllInOneLogger_V1/Drivers/CMSIS/Device/ST/STM32F1xx/Include"  -Os -g3 -Wall -fmessage-length=0 -ffunction-sections -c -fmessage-length=0 -MMD -MP -MF"Src/main.d" -MT"Src/main.o" -o "Src/main.o" "../Src/main.c"
../Src/main.c: In function 'configure_display_sleepmode':
../Src/main.c:594:7: warning: unused variable 'end' [-Wunused-variable]
  char end[3] = { 0xFF, 0xFF, 0xFF };
       ^
'Finished building: ../Src/main.c'
' '
'Building target: AllInOneLogger_V1.elf'
'Invoking: MCU GCC Linker'
arm-none-eabi-gcc -mcpu=cortex-m3 -mthumb -mfloat-abi=soft -specs=nosys.specs -specs=nano.specs -T"../STM32F103C8Tx_FLASH.ld" -Wl,-Map=output.map -Wl,--gc-sections -lm -o "AllInOneLogger_V1.elf" @"objects.list"  
'Finished building target: AllInOneLogger_V1.elf'
' '
make --no-print-directory post-build
'Generating binary and Printing size information:'
arm-none-eabi-objcopy -O binary "AllInOneLogger_V1.elf" "AllInOneLogger_V1.bin"
arm-none-eabi-size "AllInOneLogger_V1.elf"
   text	   data	    bss	    dec	    hex	filename
  16448	    112	   2016	  18576	   4890	AllInOneLogger_V1.elf
' '
17:49:18 **** Incremental Build of configuration Debug for project AllInOneLogger_V1 ****
make all 
make: Nothing to be done for `all'.
17:49:21 **** Incremental Build of configuration Debug for project AllInOneLogger_V1 ****
make all 
'Building file: ../Src/main.c'
'Invoking: MCU GCC Compiler'
C:\Users\Tom\workspace\AllInOneLogger_V1\Debug
arm-none-eabi-gcc -mcpu=cortex-m3 -mthumb -mfloat-abi=soft -D__weak="__attribute__((weak))" -D__packed="__attribute__((__packed__))" -DUSE_HAL_DRIVER -DSTM32F103xB -I"C:/Users/Tom/workspace/AllInOneLogger_V1/Inc" -I"C:/Users/Tom/workspace/AllInOneLogger_V1/Drivers/STM32F1xx_HAL_Driver/Inc" -I"C:/Users/Tom/workspace/AllInOneLogger_V1/Drivers/STM32F1xx_HAL_Driver/Inc/Legacy" -I"C:/Users/Tom/workspace/AllInOneLogger_V1/Drivers/CMSIS/Include" -I"C:/Users/Tom/workspace/AllInOneLogger_V1/Drivers/CMSIS/Device/ST/STM32F1xx/Include"  -Os -g3 -Wall -fmessage-length=0 -ffunction-sections -c -fmessage-length=0 -MMD -MP -MF"Src/main.d" -MT"Src/main.o" -o "Src/main.o" "../Src/main.c"
../Src/main.c: In function 'configure_display_sleepmode':
../Src/main.c:594:7: warning: unused variable 'end' [-Wunused-variable]
  char end[3] = { 0xFF, 0xFF, 0xFF };
       ^
'Finished building: ../Src/main.c'
' '
'Building target: AllInOneLogger_V1.elf'
'Invoking: MCU GCC Linker'
arm-none-eabi-gcc -mcpu=cortex-m3 -mthumb -mfloat-abi=soft -specs=nosys.specs -specs=nano.specs -T"../STM32F103C8Tx_FLASH.ld" -Wl,-Map=output.map -Wl,--gc-sections -lm -o "AllInOneLogger_V1.elf" @"objects.list"  
'Finished building target: AllInOneLogger_V1.elf'
' '
make --no-print-directory post-build
'Generating binary and Printing size information:'
arm-none-eabi-objcopy -O binary "AllInOneLogger_V1.elf" "AllInOneLogger_V1.bin"
arm-none-eabi-size "AllInOneLogger_V1.elf"
   text	   data	    bss	    dec	    hex	filename
  16456	    112	   2016	  18584	   4898	AllInOneLogger_V1.elf
' '
17:53:53 **** Incremental Build of configuration Debug for project AllInOneLogger_V1 ****
make all 
'Building file: ../Src/main.c'
'Invoking: MCU GCC Compiler'
C:\Users\Tom\workspace\AllInOneLogger_V1\Debug
arm-none-eabi-gcc -mcpu=cortex-m3 -mthumb -mfloat-abi=soft -D__weak="__attribute__((weak))" -D__packed="__attribute__((__packed__))" -DUSE_HAL_DRIVER -DSTM32F103xB -I"C:/Users/Tom/workspace/AllInOneLogger_V1/Inc" -I"C:/Users/Tom/workspace/AllInOneLogger_V1/Drivers/STM32F1xx_HAL_Driver/Inc" -I"C:/Users/Tom/workspace/AllInOneLogger_V1/Drivers/STM32F1xx_HAL_Driver/Inc/Legacy" -I"C:/Users/Tom/workspace/AllInOneLogger_V1/Drivers/CMSIS/Include" -I"C:/Users/Tom/workspace/AllInOneLogger_V1/Drivers/CMSIS/Device/ST/STM32F1xx/Include"  -Os -g3 -Wall -fmessage-length=0 -ffunction-sections -c -fmessage-length=0 -MMD -MP -MF"Src/main.d" -MT"Src/main.o" -o "Src/main.o" "../Src/main.c"
../Src/main.c: In function 'update_display_humidity':
../Src/main.c:522:7: warning: unused variable 'end' [-Wunused-variable]
  char end[3] = { 0xFF, 0xFF, 0xFF }; //stores end of command, nextion display
       ^
'Finished building: ../Src/main.c'
' '
'Building target: AllInOneLogger_V1.elf'
'Invoking: MCU GCC Linker'
arm-none-eabi-gcc -mcpu=cortex-m3 -mthumb -mfloat-abi=soft -specs=nosys.specs -specs=nano.specs -T"../STM32F103C8Tx_FLASH.ld" -Wl,-Map=output.map -Wl,--gc-sections -lm -o "AllInOneLogger_V1.elf" @"objects.list"  
'Finished building target: AllInOneLogger_V1.elf'
' '
make --no-print-directory post-build
'Generating binary and Printing size information:'
arm-none-eabi-objcopy -O binary "AllInOneLogger_V1.elf" "AllInOneLogger_V1.bin"
arm-none-eabi-size "AllInOneLogger_V1.elf"
   text	   data	    bss	    dec	    hex	filename
  16308	    112	   2016	  18436	   4804	AllInOneLogger_V1.elf
' '
17:54:04 **** Incremental Build of configuration Debug for project AllInOneLogger_V1 ****
make all 
make: Nothing to be done for `all'.
18:00:19 **** Incremental Build of configuration Debug for project AllInOneLogger_V1 ****
make all 
'Building file: ../Src/main.c'
'Invoking: MCU GCC Compiler'
C:\Users\Tom\workspace\AllInOneLogger_V1\Debug
arm-none-eabi-gcc -mcpu=cortex-m3 -mthumb -mfloat-abi=soft -D__weak="__attribute__((weak))" -D__packed="__attribute__((__packed__))" -DUSE_HAL_DRIVER -DSTM32F103xB -I"C:/Users/Tom/workspace/AllInOneLogger_V1/Inc" -I"C:/Users/Tom/workspace/AllInOneLogger_V1/Drivers/STM32F1xx_HAL_Driver/Inc" -I"C:/Users/Tom/workspace/AllInOneLogger_V1/Drivers/STM32F1xx_HAL_Driver/Inc/Legacy" -I"C:/Users/Tom/workspace/AllInOneLogger_V1/Drivers/CMSIS/Include" -I"C:/Users/Tom/workspace/AllInOneLogger_V1/Drivers/CMSIS/Device/ST/STM32F1xx/Include"  -Os -g3 -Wall -fmessage-length=0 -ffunction-sections -c -fmessage-length=0 -MMD -MP -MF"Src/main.d" -MT"Src/main.o" -o "Src/main.o" "../Src/main.c"
../Src/main.c: In function 'update_display_humidity':
../Src/main.c:522:7: warning: unused variable 'end' [-Wunused-variable]
  char end[3] = { 0xFF, 0xFF, 0xFF }; //stores end of command, nextion display
       ^
'Finished building: ../Src/main.c'
' '
'Building target: AllInOneLogger_V1.elf'
'Invoking: MCU GCC Linker'
arm-none-eabi-gcc -mcpu=cortex-m3 -mthumb -mfloat-abi=soft -specs=nosys.specs -specs=nano.specs -T"../STM32F103C8Tx_FLASH.ld" -Wl,-Map=output.map -Wl,--gc-sections -lm -o "AllInOneLogger_V1.elf" @"objects.list"  
'Finished building target: AllInOneLogger_V1.elf'
' '
make --no-print-directory post-build
'Generating binary and Printing size information:'
arm-none-eabi-objcopy -O binary "AllInOneLogger_V1.elf" "AllInOneLogger_V1.bin"
arm-none-eabi-size "AllInOneLogger_V1.elf"
   text	   data	    bss	    dec	    hex	filename
  16376	    112	   2016	  18504	   4848	AllInOneLogger_V1.elf
' '
22:18:13 **** Incremental Build of configuration Debug for project AllInOneLogger_V1 ****
make all 
'Building file: ../Src/main.c'
'Invoking: MCU GCC Compiler'
C:\Users\Tom\workspace\AllInOneLogger_V1\Debug
arm-none-eabi-gcc -mcpu=cortex-m3 -mthumb -mfloat-abi=soft -D__weak="__attribute__((weak))" -D__packed="__attribute__((__packed__))" -DUSE_HAL_DRIVER -DSTM32F103xB -I"C:/Users/Tom/workspace/AllInOneLogger_V1/Inc" -I"C:/Users/Tom/workspace/AllInOneLogger_V1/Drivers/STM32F1xx_HAL_Driver/Inc" -I"C:/Users/Tom/workspace/AllInOneLogger_V1/Drivers/STM32F1xx_HAL_Driver/Inc/Legacy" -I"C:/Users/Tom/workspace/AllInOneLogger_V1/Drivers/CMSIS/Include" -I"C:/Users/Tom/workspace/AllInOneLogger_V1/Drivers/CMSIS/Device/ST/STM32F1xx/Include"  -Os -g3 -Wall -fmessage-length=0 -ffunction-sections -c -fmessage-length=0 -MMD -MP -MF"Src/main.d" -MT"Src/main.o" -o "Src/main.o" "../Src/main.c"
'Finished building: ../Src/main.c'
' '
'Building target: AllInOneLogger_V1.elf'
'Invoking: MCU GCC Linker'
arm-none-eabi-gcc -mcpu=cortex-m3 -mthumb -mfloat-abi=soft -specs=nosys.specs -specs=nano.specs -u _sprintf_float -T"../STM32F103C8Tx_FLASH.ld" -Wl,-Map=output.map -Wl,--gc-sections -lm -o "AllInOneLogger_V1.elf" @"objects.list"  
'Finished building target: AllInOneLogger_V1.elf'
' '
make --no-print-directory post-build
'Generating binary and Printing size information:'
arm-none-eabi-objcopy -O binary "AllInOneLogger_V1.elf" "AllInOneLogger_V1.bin"
arm-none-eabi-size "AllInOneLogger_V1.elf"
   text	   data	    bss	    dec	    hex	filename
  16308	    112	   2016	  18436	   4804	AllInOneLogger_V1.elf
' '
22:20:56 **** Incremental Build of configuration Debug for project AllInOneLogger_V1 ****
make all 
'Building target: AllInOneLogger_V1.elf'
'Invoking: MCU GCC Linker'
arm-none-eabi-gcc -mcpu=cortex-m3 -mthumb -mfloat-abi=soft -specs=nosys.specs -specs=nano.specs -u _printf_float -T"../STM32F103C8Tx_FLASH.ld" -Wl,-Map=output.map -Wl,--gc-sections -lm -o "AllInOneLogger_V1.elf" @"objects.list"  
'Finished building target: AllInOneLogger_V1.elf'
' '
make --no-print-directory post-build
'Generating binary and Printing size information:'
arm-none-eabi-objcopy -O binary "AllInOneLogger_V1.elf" "AllInOneLogger_V1.bin"
arm-none-eabi-size "AllInOneLogger_V1.elf"
   text	   data	    bss	    dec	    hex	filename
  23136	    168	   2016	  25320	   62e8	AllInOneLogger_V1.elf
' '
22:45:54 **** Incremental Build of configuration Debug for project AllInOneLogger_V1 ****
make all 
'Building file: ../Src/main.c'
'Invoking: MCU GCC Compiler'
C:\Users\Tom\workspace\AllInOneLogger_V1\Debug
arm-none-eabi-gcc -mcpu=cortex-m3 -mthumb -mfloat-abi=soft -D__weak="__attribute__((weak))" -D__packed="__attribute__((__packed__))" -DUSE_HAL_DRIVER -DSTM32F103xB -I"C:/Users/Tom/workspace/AllInOneLogger_V1/Inc" -I"C:/Users/Tom/workspace/AllInOneLogger_V1/Drivers/STM32F1xx_HAL_Driver/Inc" -I"C:/Users/Tom/workspace/AllInOneLogger_V1/Drivers/STM32F1xx_HAL_Driver/Inc/Legacy" -I"C:/Users/Tom/workspace/AllInOneLogger_V1/Drivers/CMSIS/Include" -I"C:/Users/Tom/workspace/AllInOneLogger_V1/Drivers/CMSIS/Device/ST/STM32F1xx/Include"  -Os -g3 -Wall -fmessage-length=0 -ffunction-sections -c -fmessage-length=0 -MMD -MP -MF"Src/main.d" -MT"Src/main.o" -o "Src/main.o" "../Src/main.c"
'Finished building: ../Src/main.c'
' '
'Building target: AllInOneLogger_V1.elf'
'Invoking: MCU GCC Linker'
arm-none-eabi-gcc -mcpu=cortex-m3 -mthumb -mfloat-abi=soft -specs=nosys.specs -specs=nano.specs -u _printf_float -T"../STM32F103C8Tx_FLASH.ld" -Wl,-Map=output.map -Wl,--gc-sections -lm -o "AllInOneLogger_V1.elf" @"objects.list"  
'Finished building target: AllInOneLogger_V1.elf'
' '
make --no-print-directory post-build
'Generating binary and Printing size information:'
arm-none-eabi-objcopy -O binary "AllInOneLogger_V1.elf" "AllInOneLogger_V1.bin"
arm-none-eabi-size "AllInOneLogger_V1.elf"
   text	   data	    bss	    dec	    hex	filename
  23296	    168	   2016	  25480	   6388	AllInOneLogger_V1.elf
' '
15:09:09 **** Incremental Build of configuration Debug for project AllInOneLogger_V1 ****
make all 
make: Nothing to be done for `all'.
